Archive member included because of file (symbol)

q:/microchip/vfs/sft_mnt/program files (x86)/microchip/mplab c30/bin/../lib\libpic30-coff.a(crt1.o)
                              (_resetALT)
q:/microchip/vfs/sft_mnt/program files (x86)/microchip/mplab c30/bin/../lib\libpic30-coff.a(crt0.o)
                              (_resetPRI)
q:/microchip/vfs/sft_mnt/program files (x86)/microchip/mplab c30/bin/../lib\libpic30-coff.a(time.o)
                              obj\global_functions.o (time)
q:/microchip/vfs/sft_mnt/program files (x86)/microchip/mplab c30/bin/../lib\libm-coff.a(divsi3.o)
                              ..\..\library\a_d\advance_ad_scan\obj\e_acc.o (__divsi3)
q:/microchip/vfs/sft_mnt/program files (x86)/microchip/mplab c30/bin/../lib\libm-coff.a(floatsisf.o)
                              ..\..\library\a_d\advance_ad_scan\obj\e_acc.o (__floatsisf)
q:/microchip/vfs/sft_mnt/program files (x86)/microchip/mplab c30/bin/../lib\libm-coff.a(sqrtf.o)
                              ..\..\library\a_d\advance_ad_scan\obj\e_acc.o (sqrtf)
q:/microchip/vfs/sft_mnt/program files (x86)/microchip/mplab c30/bin/../lib\libm-coff.a(atan2f.o)
                              ..\..\library\a_d\advance_ad_scan\obj\e_acc.o (atan2f)
q:/microchip/vfs/sft_mnt/program files (x86)/microchip/mplab c30/bin/../lib\libm-coff.a(mulsf3.o)
                              ..\..\library\a_d\advance_ad_scan\obj\e_acc.o (__mulsf3)
q:/microchip/vfs/sft_mnt/program files (x86)/microchip/mplab c30/bin/../lib\libm-coff.a(addsf3.o)
                              ..\..\library\a_d\advance_ad_scan\obj\e_acc.o (__subsf3)
q:/microchip/vfs/sft_mnt/program files (x86)/microchip/mplab c30/bin/../lib\libm-coff.a(feqltle.o)
                              ..\..\library\a_d\advance_ad_scan\obj\e_acc.o (__ltsf2)
q:/microchip/vfs/sft_mnt/program files (x86)/microchip/mplab c30/bin/../lib\libm-coff.a(fixsfsi.o)
                              ..\..\library\a_d\advance_ad_scan\obj\e_acc.o (__fixsfsi)
q:/microchip/vfs/sft_mnt/program files (x86)/microchip/mplab c30/bin/../lib\libm-coff.a(fgtge.o)
                              ..\..\library\a_d\advance_ad_scan\obj\e_acc.o (__gtsf2)
q:/microchip/vfs/sft_mnt/program files (x86)/microchip/mplab c30/bin/../lib\libm-coff.a(fne.o)
                              ..\..\library\a_d\advance_ad_scan\obj\e_acc.o (__nesf2)
q:/microchip/vfs/sft_mnt/program files (x86)/microchip/mplab c30/bin/../lib\libm-coff.a(divsf3.o)
                              ..\..\library\a_d\advance_ad_scan\obj\e_prox.o (__divsf3)
q:/microchip/vfs/sft_mnt/program files (x86)/microchip/mplab c30/bin/../lib\libm-coff.a(cosf.o)
                              obj\goal_seeking.o (cosf)
q:/microchip/vfs/sft_mnt/program files (x86)/microchip/mplab c30/bin/../lib\libm-coff.a(sinf.o)
                              obj\goal_seeking.o (sinf)
q:/microchip/vfs/sft_mnt/program files (x86)/microchip/mplab c30/bin/../lib\libm-coff.a(udivsi3.o)
                              q:/microchip/vfs/sft_mnt/program files (x86)/microchip/mplab c30/bin/../lib\libm-coff.a(divsi3.o) (__udivsi3)
q:/microchip/vfs/sft_mnt/program files (x86)/microchip/mplab c30/bin/../lib\libm-coff.a(fpack.o)
                              q:/microchip/vfs/sft_mnt/program files (x86)/microchip/mplab c30/bin/../lib\libm-coff.a(floatsisf.o) (_fpack)
q:/microchip/vfs/sft_mnt/program files (x86)/microchip/mplab c30/bin/../lib\libm-coff.a(funpack.o)
                              q:/microchip/vfs/sft_mnt/program files (x86)/microchip/mplab c30/bin/../lib\libm-coff.a(sqrtf.o) (_funpack)
q:/microchip/vfs/sft_mnt/program files (x86)/microchip/mplab c30/bin/../lib\libm-coff.a(futil.o)
                              q:/microchip/vfs/sft_mnt/program files (x86)/microchip/mplab c30/bin/../lib\libm-coff.a(atan2f.o) (_fPropagateNaN)
q:/microchip/vfs/sft_mnt/program files (x86)/microchip/mplab c30/bin/../lib\libm-coff.a(errno.o)
                              q:/microchip/vfs/sft_mnt/program files (x86)/microchip/mplab c30/bin/../lib\libm-coff.a(sqrtf.o) (errno)
q:/microchip/vfs/sft_mnt/program files (x86)/microchip/mplab c30/bin/../lib\libm-coff.a(funpack2.o)
                              q:/microchip/vfs/sft_mnt/program files (x86)/microchip/mplab c30/bin/../lib\libm-coff.a(atan2f.o) (_funpack2)
q:/microchip/vfs/sft_mnt/program files (x86)/microchip/mplab c30/bin/../lib\libm-coff.a(atanf.o)
                              q:/microchip/vfs/sft_mnt/program files (x86)/microchip/mplab c30/bin/../lib\libm-coff.a(atan2f.o) (atanf)
q:/microchip/vfs/sft_mnt/program files (x86)/microchip/mplab c30/bin/../lib\libm-coff.a(fcompare.o)
                              q:/microchip/vfs/sft_mnt/program files (x86)/microchip/mplab c30/bin/../lib\libm-coff.a(feqltle.o) (_fcompare)
q:/microchip/vfs/sft_mnt/program files (x86)/microchip/mplab c30/bin/../lib\libm-coff.a(sincosf.o)
                              q:/microchip/vfs/sft_mnt/program files (x86)/microchip/mplab c30/bin/../lib\libm-coff.a(cosf.o) (_sincosf)
[...]
Memory Configuration

Name             Origin             Length             Attributes
data             0x000800           0x001fa0           a !xr
program          0x000100           0x017f00           xr
reset            0x000000           0x000004  
ivt              0x000004           0x00007c  
aivt             0x000084           0x00007c  
__FOSC           0xf80000           0x000002  
__FWDT           0xf80002           0x000002  
__FBORPOR        0xf80004           0x000002  
__FBS            0xf80006           0x000002  
__FSS            0xf80008           0x000002  
__FGS            0xf8000a           0x000002  
__FUID0          0x8005c0           0x000002  
__FUID1          0x8005c2           0x000002  
__FUID2          0x8005c4           0x000002  
__FUID3          0x8005c6           0x000002  
eedata           0x7ff000           0x001000  
*default*        0x000000           0xffffffff  

Linker script and memory map

LOAD obj\main_c.o
LOAD ..\..\library\camera\fast_2_timer\obj\e_interrupt.o
LOAD ..\..\library\codec\obj\e_const_sound.o
LOAD ..\..\library\codec\obj\e_init_codec_slave.o
LOAD ..\..\library\codec\obj\e_init_dci_master.o
LOAD ..\..\library\codec\obj\e_isr_dci.o
LOAD ..\..\library\codec\obj\e_sound.o
LOAD ..\..\library\codec\obj\e_sub_dci_kickoff.o
LOAD ..\..\library\motor_led\advance_one_timer\obj\e_agenda.o
LOAD ..\..\library\motor_led\advance_one_timer\obj\e_remote_control.o
LOAD ..\..\library\a_d\advance_ad_scan\obj\e_acc.o
LOAD ..\..\library\a_d\advance_ad_scan\obj\e_ad_conv.o
LOAD ..\..\library\motor_led\advance_one_timer\obj\e_led.o
LOAD ..\..\library\motor_led\advance_one_timer\obj\e_motors.o
LOAD ..\..\library\a_d\advance_ad_scan\obj\e_prox.o
LOAD ..\..\library\camera\fast_2_timer\obj\e_timers.o
LOAD ..\..\library\utility\obj\utility.o
LOAD ..\..\library\a_d\advance_ad_scan\obj\e_micro.o
LOAD obj\aggressive.o
LOAD obj\curious.o
LOAD obj\fear.o
LOAD obj\global_functions.o
LOAD obj\love.o
LOAD ..\..\..\..\..\GitHub\Robotics-Coursework\Coursework[withSound]\library\motor_led\obj\e_init_port.o
LOAD ..\..\..\..\..\GitHub\Robotics-Coursework\Coursework[withSound]\library\camera\fast_2_timer\obj\e_calc_po3030k.o
LOAD ..\..\..\..\..\GitHub\Robotics-Coursework\Coursework[withSound]\library\camera\fast_2_timer\obj\e_calc_po6030k.o
LOAD ..\..\..\..\..\GitHub\Robotics-Coursework\Coursework[withSound]\library\camera\fast_2_timer\obj\e_po3030k_registers.o
LOAD ..\..\..\..\..\GitHub\Robotics-Coursework\Coursework[withSound]\library\camera\fast_2_timer\obj\e_po6030k_registers.o
LOAD ..\..\..\..\..\GitHub\Robotics-Coursework\Coursework[withSound]\library\camera\fast_2_timer\obj\e_common.o
LOAD ..\..\..\..\..\GitHub\Robotics-Coursework\Coursework[withSound]\library\I2C\obj\e_I2C_master_module.o
LOAD ..\..\..\..\..\GitHub\Robotics-Coursework\Coursework[withSound]\library\I2C\obj\e_I2C_protocol.o
LOAD obj\aggressive_c.o
LOAD obj\findColour.o
LOAD ..\..\..\..\..\GitHub\Robotics-Coursework\Coursework[withSound]\library\uart\obj\e_init_uart1.o
LOAD ..\..\..\..\..\GitHub\Robotics-Coursework\Coursework[withSound]\library\uart\obj\e_uart1_rx_char.o
LOAD ..\..\..\..\..\GitHub\Robotics-Coursework\Coursework[withSound]\library\uart\obj\e_uart1_tx_char.o
LOAD obj\high_level.o
LOAD obj\goal_seeking.o
LOAD ..\..\library\followWall\obj\runwallfollow.o
                    0xf80000                  __FOSC = 0xf80000
                    0xf80002                  __FWDT = 0xf80002
                    0xf80004                  __FBORPOR = 0xf80004
                    0xf80006                  __FBS = 0xf80006
                    0xf80008                  __FSS = 0xf80008
                    0xf8000a                  __FGS = 0xf8000a
                    0x8005c0                  __FUID0 = 0x8005c0
                    0x8005c2                  __FUID1 = 0x8005c2
                    0x8005c4                  __FUID2 = 0x8005c4
                    0x8005c6                  __FUID3 = 0x8005c6
                    0x0000                  __RESET_BASE = 0x0
                    0x0004                  __IVT_BASE = 0x4
                    0x0084                  __AIVT_BASE = 0x84
                    0x0100                  __CODE_BASE = 0x100
                    0x0000                  __SFR_BASE = 0x0
                    0x0800                  __DATA_BASE = 0x800
                    0x1800                  __YDATA_BASE = 0x1800

.reset            0x000000          0x4
                  0x000000          0x2 SHORT 0x130 <code 336> (__reset)
                  0x000001          0x2 SHORT 0x4
                  0x000002          0x2 SHORT 0x0 ((<code 336> (__reset) >> 0x10) & 0x7f)
                  0x000003          0x2 SHORT 0x0

.text             0x000100       0x81a8
 *(.handle)
 .handle          0x000100         0x30 jump_table
 *(.libc)
 .libc            0x000130         0x80 q:/microchip/vfs/sft_mnt/program files (x86)/microchip/mplab c30/bin/../lib\libpic30-coff.a(crt0.o)
                  0x000130                  _resetPRI
                  0x000130                  _reset
                  0x000144                  _psv_init
                  0x000154                  _data_init
 .libc            0x0001b0         0x18 q:/microchip/vfs/sft_mnt/program files (x86)/microchip/mplab c30/bin/../lib\libpic30-coff.a(time.o)
                  0x0001b0                  time
 .libc            0x0001c8         0xa2 q:/microchip/vfs/sft_mnt/program files (x86)/microchip/mplab c30/bin/../lib\libc-coff.a(malloc.o)
                  0x0001c8                  malloc
 .libc            0x00026a         0x24 q:/microchip/vfs/sft_mnt/program files (x86)/microchip/mplab c30/bin/../lib\libc-coff.a(exit.o)
                  0x00026a                  exit
 .libc            0x00028e         0x66 q:/microchip/vfs/sft_mnt/program files (x86)/microchip/mplab c30/bin/../lib\libc-coff.a(free.o)
                  0x00028e                  free
 .libc            0x0002f4         0x20 q:/microchip/vfs/sft_mnt/program files (x86)/microchip/mplab c30/bin/../lib\libc-coff.a(srand.o)
                  0x0002f4                  srand
 .libc            0x000314         0xaa q:/microchip/vfs/sft_mnt/program files (x86)/microchip/mplab c30/bin/../lib\libc-coff.a(rand.o)
                  0x000314                  rand
 .libc            0x0003be         0x2a q:/microchip/vfs/sft_mnt/program files (x86)/microchip/mplab c30/bin/../lib\libc-coff.a(printf.o)
                  0x0003be                  printf.o:_prout
                  0x0003d8                  printf
                  0x0003d8                  _iprintf
 .libc            0x0003e8          0xe q:/microchip/vfs/sft_mnt/program files (x86)/microchip/mplab c30/bin/../lib\libc-coff.a(xgetmem.o)
                  0x0003e8                  _Getmem
 .libc            0x0003f6         0xac q:/microchip/vfs/sft_mnt/program files (x86)/microchip/mplab c30/bin/../lib\libc-coff.a(fwrite.o)
                  0x0003f6                  fwrite
 .libc            0x0004a2        0x170 q:/microchip/vfs/sft_mnt/program files (x86)/microchip/mplab c30/bin/../lib\libc-coff.a(xprintf.o)
                  0x0004a2                  _Printf
                  0x0004a2                  __iPrintf
 .libc            0x000612         0x86 q:/microchip/vfs/sft_mnt/program files (x86)/microchip/mplab c30/bin/../lib\libc-coff.a(xfwprep.o)
                  0x000612                  _Fwprep
 .libc            0x000698         0x14 q:/microchip/vfs/sft_mnt/program files (x86)/microchip/mplab c30/bin/../lib\libc-coff.a(memchr.o)
                  0x000698                  memchr
 .libc            0x0006ac         0x12 q:/microchip/vfs/sft_mnt/program files (x86)/microchip/mplab c30/bin/../lib\libc-coff.a(memcpy.o)
                  0x0006ac                  memcpy
 .libc            0x0006be         0x80 q:/microchip/vfs/sft_mnt/program files (x86)/microchip/mplab c30/bin/../lib\libc-coff.a(fflush.o)
                  0x0006be                  _DNKfflush
 .libc            0x00073e          0xa q:/microchip/vfs/sft_mnt/program files (x86)/microchip/mplab c30/bin/../lib\libc-coff.a(xvacopy.o)
                  0x00073e                  _Vacopy
 .libc            0x000748         0x10 q:/microchip/vfs/sft_mnt/program files (x86)/microchip/mplab c30/bin/../lib\libc-coff.a(strchr.o)
                  0x000748                  strchr
 .libc            0x000758        0x194 q:/microchip/vfs/sft_mnt/program files (x86)/microchip/mplab c30/bin/../lib\libc-coff.a(xputtxt.o)
                  0x000758                  _Puttxt
 .libc            0x0008ec        0x30a q:/microchip/vfs/sft_mnt/program files (x86)/microchip/mplab c30/bin/../lib\libc-coff.a(xputfld.o)
                  0x0008ec                  __iPutfld
                  0x0008ec                  _Putfld
 .libc            0x000bf6         0xac q:/microchip/vfs/sft_mnt/program files (x86)/microchip/mplab c30/bin/../lib\libc-coff.a(fclose.o)
                  0x000bf6                  _Closreg
                  0x000c04                  fclose
                  0x000c88                  fclose.o:_closeall
 .libc            0x000ca2        0x166 q:/microchip/vfs/sft_mnt/program files (x86)/microchip/mplab c30/bin/../lib\libc-coff.a(xlitob.o)
                  0x000ca2                  _Litob
 .libc            0x000e08          0xe q:/microchip/vfs/sft_mnt/program files (x86)/microchip/mplab c30/bin/../lib\libc-coff.a(strlen.o)
                  0x000e08                  strlen
 .libc            0x000e16        0x454 q:/microchip/vfs/sft_mnt/program files (x86)/microchip/mplab c30/bin/../lib\libc-coff.a(xldtob.o)
                  0x000e16                  _Ldtob
 .libc            0x00126a         0x1a q:/microchip/vfs/sft_mnt/program files (x86)/microchip/mplab c30/bin/../lib\libc-coff.a(xatexit.o)
                  0x00126a                  _Atexit
 .libc            0x001284         0x58 q:/microchip/vfs/sft_mnt/program files (x86)/microchip/mplab c30/bin/../lib\libc-coff.a(xldunsca.o)
                  0x001284                  _LDunscale
 .libc            0x0012dc         0xf8 q:/microchip/vfs/sft_mnt/program files (x86)/microchip/mplab c30/bin/../lib\libc-coff.a(xldscale.o)
                  0x0012dc                  _LDscale
 .libc            0x0013d4         0x34 q:/microchip/vfs/sft_mnt/program files (x86)/microchip/mplab c30/bin/../lib\libc-coff.a(ldiv.o)
                  0x0013d4                  ldiv
 .libc            0x001408        0x268 q:/microchip/vfs/sft_mnt/program files (x86)/microchip/mplab c30/bin/../lib\libc-coff.a(xgenld.o)
                  0x001408                  _Genld
 .libc            0x001670         0xf2 q:/microchip/vfs/sft_mnt/program files (x86)/microchip/mplab c30/bin/../lib\libc-coff.a(xdnorm.o)
                  0x001670                  _Dnorm
 .libc            0x001762         0x16 q:/microchip/vfs/sft_mnt/program files (x86)/microchip/mplab c30/bin/../lib\libc-coff.a(div.o)
                  0x001762                  div
 .libc            0x001778         0x10 q:/microchip/vfs/sft_mnt/program files (x86)/microchip/mplab c30/bin/../lib\libpic30-coff.a(_exit.o)
                  0x001778                  _exit
 .libc            0x001788         0x2c q:/microchip/vfs/sft_mnt/program files (x86)/microchip/mplab c30/bin/../lib\libpic30-coff.a(sbrk.o)
                  0x001788                  sbrk
 .libc            0x0017b4         0x66 q:/microchip/vfs/sft_mnt/program files (x86)/microchip/mplab c30/bin/../lib\libpic30-coff.a(write.o)
                  0x0017b4                  write
 .libc            0x00181a         0x12 q:/microchip/vfs/sft_mnt/program files (x86)/microchip/mplab c30/bin/../lib\libpic30-coff.a(close.o)
                  0x00181a                  close
 .libc            0x00182c         0x12 q:/microchip/vfs/sft_mnt/program files (x86)/microchip/mplab c30/bin/../lib\libpic30-coff.a(remove.o)
                  0x00182c                  remove
 .libc            0x00183e         0x1e q:/microchip/vfs/sft_mnt/program files (x86)/microchip/mplab c30/bin/../lib\libpic30-coff.a(brk.o)
                  0x00183e                  brk
 *(.libm)
 .libm            0x00185c         0x1e q:/microchip/vfs/sft_mnt/program files (x86)/microchip/mplab c30/bin/../lib\libm-coff.a(divsi3.o)
                  0x00185c                  __divsi3
 .libm            0x00187a         0x56 q:/microchip/vfs/sft_mnt/program files (x86)/microchip/mplab c30/bin/../lib\libm-coff.a(floatsisf.o)
                  0x00187a                  __floatsisf
 .libm            0x0018d0         0x6a q:/microchip/vfs/sft_mnt/program files (x86)/microchip/mplab c30/bin/../lib\libm-coff.a(sqrtf.o)
                  0x0018d0                  sqrtf
 .libm            0x00193a         0x3a q:/microchip/vfs/sft_mnt/program files (x86)/microchip/mplab c30/bin/../lib\libm-coff.a(atan2f.o)
                  0x00193a                  atan2f
 .libm            0x001974         0x68 q:/microchip/vfs/sft_mnt/program files (x86)/microchip/mplab c30/bin/../lib\libm-coff.a(mulsf3.o)
                  0x001974                  __mulsf3
 .libm            0x0019dc         0xbc q:/microchip/vfs/sft_mnt/program files (x86)/microchip/mplab c30/bin/../lib\libm-coff.a(addsf3.o)
                  0x0019dc                  __subsf3
                  0x0019de                  __addsf3
 .libm            0x001a98          0x4 q:/microchip/vfs/sft_mnt/program files (x86)/microchip/mplab c30/bin/../lib\libm-coff.a(feqltle.o)
                  0x001a98                  __eqsf2
                  0x001a98                  __ltsf2
                  0x001a98                  __lesf2
 .libm            0x001a9c         0x42 q:/microchip/vfs/sft_mnt/program files (x86)/microchip/mplab c30/bin/../lib\libm-coff.a(fixsfsi.o)
                  0x001a9c                  __fixsfsi
 .libm            0x001ade          0x4 q:/microchip/vfs/sft_mnt/program files (x86)/microchip/mplab c30/bin/../lib\libm-coff.a(fgtge.o)
                  0x001ade                  __gesf2
                  0x001ade                  __gtsf2
 .libm            0x001ae2          0x4 q:/microchip/vfs/sft_mnt/program files (x86)/microchip/mplab c30/bin/../lib\libm-coff.a(fne.o)
                  0x001ae2                  __nesf2
 .libm            0x001ae6         0x84 q:/microchip/vfs/sft_mnt/program files (x86)/microchip/mplab c30/bin/../lib\libm-coff.a(divsf3.o)
                  0x001ae6                  __divsf3
 .libm            0x001b6a          0x4 q:/microchip/vfs/sft_mnt/program files (x86)/microchip/mplab c30/bin/../lib\libm-coff.a(cosf.o)
                  0x001b6a                  cosf
 .libm            0x001b6e          0x4 q:/microchip/vfs/sft_mnt/program files (x86)/microchip/mplab c30/bin/../lib\libm-coff.a(sinf.o)
                  0x001b6e                  sinf
 .libm            0x001b72         0x20 q:/microchip/vfs/sft_mnt/program files (x86)/microchip/mplab c30/bin/../lib\libm-coff.a(udivsi3.o)
                  0x001b72                  __udivsi3
 .libm            0x001b92         0x4c q:/microchip/vfs/sft_mnt/program files (x86)/microchip/mplab c30/bin/../lib\libm-coff.a(fpack.o)
                  0x001b92                  _fpack
 .libm            0x001bde         0x2a q:/microchip/vfs/sft_mnt/program files (x86)/microchip/mplab c30/bin/../lib\libm-coff.a(funpack.o)
                  0x001bde                  _funpack
 .libm            0x001c08         0x20 q:/microchip/vfs/sft_mnt/program files (x86)/microchip/mplab c30/bin/../lib\libm-coff.a(futil.o)
                  0x001c08                  _fPropagateNaN
                  0x001c1a                  _fbopExit
                  0x001c22                  _fbopReturnNaN
 .libm            0x001c28         0x10 q:/microchip/vfs/sft_mnt/program files (x86)/microchip/mplab c30/bin/../lib\libm-coff.a(funpack2.o)
                  0x001c28                  _funpack2
 .libm            0x001c38         0xca q:/microchip/vfs/sft_mnt/program files (x86)/microchip/mplab c30/bin/../lib\libm-coff.a(atanf.o)
                  0x001c38                  atanf
 .libm            0x001d02         0x36 q:/microchip/vfs/sft_mnt/program files (x86)/microchip/mplab c30/bin/../lib\libm-coff.a(fcompare.o)
                  0x001d02                  _fcompare
 .libm            0x001d38         0xd2 q:/microchip/vfs/sft_mnt/program files (x86)/microchip/mplab c30/bin/../lib\libm-coff.a(sincosf.o)
                  0x001d38                  _sincosf
 .libm            0x001e0a          0x4 q:/microchip/vfs/sft_mnt/program files (x86)/microchip/mplab c30/bin/../lib\libm-coff.a(fmodf.o)
                  0x001e0a                  fmodf
 .libm            0x001e0e         0x9e q:/microchip/vfs/sft_mnt/program files (x86)/microchip/mplab c30/bin/../lib\libm-coff.a(fmodrem.o)
                  0x001e0e                  _fmodrem
 .libm            0x001eac          0xc q:/microchip/vfs/sft_mnt/program files (x86)/microchip/mplab c30/bin/../lib\libm-coff.a(mulsi3.o)
                  0x001eac                  __mulsi3
 .libm            0x001eb8         0x3e q:/microchip/vfs/sft_mnt/program files (x86)/microchip/mplab c30/bin/../lib\libm-coff.a(extendsfdf.o)
                  0x001eb8                  __extendsfdf2
 .libm            0x001ef6        0x230 q:/microchip/vfs/sft_mnt/program files (x86)/microchip/mplab c30/bin/../lib\libm-coff.a(divmoddi3.o)
                  0x001f1c                  __udivmoddi3
                  0x001ffe                  __udivdi3
                  0x00200c                  __umoddi3
                  0x002014                  __divdi3
                  0x00204a                  __moddi3
 .libm            0x002126         0x5c q:/microchip/vfs/sft_mnt/program files (x86)/microchip/mplab c30/bin/../lib\libm-coff.a(muldi3.o)
                  0x002126                  __muldi3
 .libm            0x002182          0xa q:/microchip/vfs/sft_mnt/program files (x86)/microchip/mplab c30/bin/../lib\libm-coff.a(deqltle.o)
                  0x002182                  __eqdf2
                  0x002182                  __ltdf2
                  0x002182                  __ledf2
 .libm            0x00218c         0x58 q:/microchip/vfs/sft_mnt/program files (x86)/microchip/mplab c30/bin/../lib\libm-coff.a(fixdfsi.o)
                  0x00218c                  __fixdfsi
 .libm            0x0021e4          0x6 q:/microchip/vfs/sft_mnt/program files (x86)/microchip/mplab c30/bin/../lib\libm-coff.a(floatsidf.o)
                  0x0021e4                  __floatsidf
 .libm            0x0021ea          0x4 q:/microchip/vfs/sft_mnt/program files (x86)/microchip/mplab c30/bin/../lib\libm-coff.a(subdf3.o)
                  0x0021ea                  __subdf3
 .libm            0x0021ee          0xa q:/microchip/vfs/sft_mnt/program files (x86)/microchip/mplab c30/bin/../lib\libm-coff.a(dgtge.o)
                  0x0021ee                  __gtdf2
                  0x0021ee                  __gedf2
 .libm            0x0021f8         0xea q:/microchip/vfs/sft_mnt/program files (x86)/microchip/mplab c30/bin/../lib\libm-coff.a(muldf3.o)
                  0x0021f8                  __muldf3
 .libm            0x0022e2         0xb4 q:/microchip/vfs/sft_mnt/program files (x86)/microchip/mplab c30/bin/../lib\libm-coff.a(divdf3.o)
                  0x0022e2                  __divdf3
 .libm            0x002396         0x44 q:/microchip/vfs/sft_mnt/program files (x86)/microchip/mplab c30/bin/../lib\libm-coff.a(umuldi3.o)
                  0x002396                  __umuldi3
 .libm            0x0023da         0x52 q:/microchip/vfs/sft_mnt/program files (x86)/microchip/mplab c30/bin/../lib\libm-coff.a(dcompare.o)
                  0x0023da                  _dcompare
 .libm            0x00242c         0x4e q:/microchip/vfs/sft_mnt/program files (x86)/microchip/mplab c30/bin/../lib\libm-coff.a(dunpack.o)
                  0x00242c                  _dunpack
 .libm            0x00247a         0x32 q:/microchip/vfs/sft_mnt/program files (x86)/microchip/mplab c30/bin/../lib\libm-coff.a(dunpack2.o)
                  0x00247a                  _dunpack2
                  0x00249c                  _dreturnNaN
                  0x0024a2                  _dunpack2exit
 .libm            0x0024ac         0x6e q:/microchip/vfs/sft_mnt/program files (x86)/microchip/mplab c30/bin/../lib\libm-coff.a(floatdidf.o)
                  0x0024ac                  __floatdidf
 .libm            0x00251a         0xfa q:/microchip/vfs/sft_mnt/program files (x86)/microchip/mplab c30/bin/../lib\libm-coff.a(adddf3.o)
                  0x00251a                  __adddf3
 .libm            0x002614         0x58 q:/microchip/vfs/sft_mnt/program files (x86)/microchip/mplab c30/bin/../lib\libm-coff.a(dpack.o)
                  0x002614                  _dpack
 .libm            0x00266c         0x24 q:/microchip/vfs/sft_mnt/program files (x86)/microchip/mplab c30/bin/../lib\libm-coff.a(dtype.o)
                  0x00266c                  _dtype
 .libm            0x002690         0x1c q:/microchip/vfs/sft_mnt/program files (x86)/microchip/mplab c30/bin/../lib\libm-coff.a(dpropagateNaN.o)
                  0x002690                  _dPropagateNaN
 *(.libdsp)
 *(.lib*)
 *(.text)
 .text            0x0026ac         0xd0 obj\main_c.o
                  0x0026ac                  robot_off
                  0x0026d2                  main
 .text            0x00277c         0x38 ..\..\library\camera\fast_2_timer\obj\e_interrupt.o
                  0x00277c                  _T4Interrupt
 .text            0x0027b4         0xac ..\..\library\codec\obj\e_init_codec_slave.o
                  0x0027b4                  e_init_codec_slave
 .text            0x002860         0x3e ..\..\library\codec\obj\e_init_dci_master.o
                  0x002860                  e_init_dci_master
 .text            0x00289e         0x76 ..\..\library\codec\obj\e_isr_dci.o
                  0x00289e                  _DCIInterrupt
 .text            0x002914         0x3c ..\..\library\codec\obj\e_sound.o
                  0x002914                  e_init_sound
                  0x002932                  e_play_sound
                  0x002948                  e_close_sound
 .text            0x002950         0x76 ..\..\library\codec\obj\e_sub_dci_kickoff.o
                  0x002950                  e_sub_dci_kickoff
 .text            0x0029c6        0x21c ..\..\library\motor_led\advance_one_timer\obj\e_agenda.o
                  0x0029c6                  e_start_agendas_processing
                  0x0029e8                  e_end_agendas_processing
                  0x0029f0                  e_activate_agenda
                  0x002a54                  e_destroy_agenda
                  0x002aa6                  e_set_agenda_cycle
                  0x002adc                  e_reset_agenda
                  0x002b10                  e_pause_agenda
                  0x002b44                  e_restart_agenda
                  0x002b78                  _T2Interrupt
 .text            0x002be2        0x17e ..\..\library\motor_led\advance_one_timer\obj\e_remote_control.o
                  0x002be2                  e_init_remote_control
                  0x002bf0                  _INT0Interrupt
                  0x002c32                  e_read_remote_control
                  0x002d3c                  e_get_check
                  0x002d48                  e_get_address
                  0x002d54                  e_get_data
 .text            0x002d60        0x61e ..\..\library\a_d\advance_ad_scan\obj\e_acc.o
                  0x002d60                  e_get_acc
                  0x002dce                  e_get_acc_filtered
                  0x002e4e                  calculate_acc_raw
                  0x002e7e                  calculate_acc_spherical
                  0x002f86                  e_acc_calibr
                  0x002fa4                  e_read_acc_spheric
                  0x002fe2                  e_read_inclination
                  0x002fee                  e_read_orientation
                  0x002ffa                  e_read_acc
                  0x003006                  e_read_acc_xyz
                  0x00302a                  e_read_acc_x
                  0x003034                  e_read_acc_y
                  0x00303e                  e_read_acc_z
                  0x003048                  e_display_angle
 .text            0x00337e        0x4b4 ..\..\library\a_d\advance_ad_scan\obj\e_ad_conv.o
                  0x00337e                  e_init_ad_scan
                  0x003456                  _ADCInterrupt
                  0x00380a                  e_ad_is_acquisition_completed
                  0x003816                  e_ad_is_array_filled
                  0x003822                  e_ad_scan_on
                  0x00382a                  e_ad_scan_off
 .text            0x003832        0x8e6 ..\..\library\motor_led\advance_one_timer\obj\e_led.o
                  0x003832                  e_set_led
                  0x003b88                  e_led_clear
                  0x003b9e                  e_set_body_led
                  0x003be2                  e_set_front_led
                  0x003c22                  e_blink_led
                  0x003d34                  e_blink_led0
                  0x003d60                  e_blink_led1
                  0x003d86                  e_blink_led2
                  0x003da8                  e_blink_led3
                  0x003dd0                  e_blink_led4
                  0x003df4                  e_blink_led5
                  0x003e1e                  e_blink_led6
                  0x003e4a                  e_blink_led7
                  0x003e70                  e_start_led_blinking
                  0x003e80                  e_stop_led_blinking
                  0x003e8c                  e_set_blinking_cycle
                  0x003ea0                  snake_led
                  0x003f10                  flow_led
                  0x003f98                  k2000_led
                  0x004038                  right_led
                  0x0040a8                  left_led
 .text            0x004118        0x358 ..\..\library\motor_led\advance_one_timer\obj\e_motors.o
                  0x004118                  run_left_motor
                  0x004200                  run_right_motor
                  0x0042e8                  e_init_motors
                  0x0042fe                  e_set_speed_left
                  0x004382                  e_set_speed_right
                  0x004406                  e_set_speed
                  0x004448                  e_get_steps_left
                  0x004450                  e_set_steps_left
                  0x00445c                  e_get_steps_right
                  0x004464                  e_set_steps_right
 .text            0x004470        0x168 ..\..\library\a_d\advance_ad_scan\obj\e_prox.o
                  0x004470                  e_calibrate_ir
                  0x00454e                  e_get_prox
                  0x004578                  e_get_calibrated_prox
                  0x0045b8                  e_get_ambient_light
 .text            0x0045d8        0x102 ..\..\library\camera\fast_2_timer\obj\e_timers.o
                  0x0045d8                  _T5Interrupt
                  0x004622                  e_poxxxx_launch_capture
                  0x00463a                  e_poxxxx_apply_timer_config
                  0x0046d2                  e_poxxxx_is_img_ready
 .text            0x0046da         0x5a ..\..\library\utility\obj\utility.o
                  0x0046da                  wait
                  0x0046fc                  getselector
 .text            0x004734        0x1ca ..\..\library\a_d\advance_ad_scan\obj\e_micro.o
                  0x004734                  e_get_micro
                  0x004758                  e_get_micro_average
                  0x0047fa                  e_get_micro_volume
                  0x0048a0                  e_get_micro_last_values
 .text            0x0048fe        0x196 obj\aggressive.o
                  0x0048fe                  aggressive
 .text            0x004a94        0x31e obj\curious.o
                  0x004a94                  takeImage
                  0x004aa8                  processImage
                  0x004b62                  gturnDirection
                  0x004bb0                  gturn
                  0x004bd6                  forward
                  0x004be8                  forwardSlow
                  0x004bfa                  stop
                  0x004c0c                  setUpCamera
                  0x004c34                  greenIsInMiddle
                  0x004c4e                  checkProxSensorsFar
                  0x004c92                  checkProxSensorsClose
                  0x004cd6                  curious
 .text            0x004db2        0x262 obj\fear.o
                  0x004db2                  check_prox_sensors
                  0x004e5a                  LedFearFlash
                  0x004e82                  LedFearAll
                  0x004ea2                  fear
 .text            0x005014         0x40 obj\global_functions.o
                  0x005014                  SetUpGlobal
                  0x005024                  rand_lim
                  0x00504c                  StartRandomRoam
 .text            0x005054         0xe2 obj\love.o
                  0x005054                  checkProx
                  0x0050ac                  love
 .text            0x005136         0x8a ..\..\..\..\..\GitHub\Robotics-Coursework\Coursework[withSound]\library\motor_led\obj\e_init_port.o
                  0x005136                  e_init_port
 .text            0x0051c0        0x28c ..\..\..\..\..\GitHub\Robotics-Coursework\Coursework[withSound]\library\camera\fast_2_timer\obj\e_calc_po3030k.o
                  0x0051c0                  e_po3030k_config_cam
                  0x005414                  e_po3030k_get_bytes_per_pixel
 .text            0x00544c        0x2c0 ..\..\..\..\..\GitHub\Robotics-Coursework\Coursework[withSound]\library\camera\fast_2_timer\obj\e_calc_po6030k.o
                  0x00544c                  e_po6030k_config_cam
                  0x0056d4                  e_po6030k_get_bytes_per_pixel
 .text            0x00570c        0x956 ..\..\..\..\..\GitHub\Robotics-Coursework\Coursework[withSound]\library\camera\fast_2_timer\obj\e_po3030k_registers.o
                  0x00570c                  e_po3030k_write_cam_registers
                  0x005740                  e_po3030k_read_cam_registers
                  0x005778                  e_po3030k_set_color_mode
                  0x0057bc                  e_po3030k_set_sampling_mode
                  0x0057ea                  e_po3030k_set_speed
                  0x005834                  e_po3030k_set_wx
                  0x005892                  e_po3030k_set_wy
                  0x0058ea                  e_po3030k_set_vsync
                  0x005968                  e_po3030k_set_mirror
                  0x0059a6                  e_po3030k_set_register
                  0x0059e0                  e_po3030k_get_register
                  0x005a1c                  e_po3030k_set_bias
                  0x005a32                  e_po3030k_set_color_gain
                  0x005a72                  e_po3030k_set_integr_time
                  0x005aa0                  e_po3030k_set_adc_offset
                  0x005aae                  e_po3030k_set_sepia
                  0x005ad4                  e_po3030k_set_lens_gain
                  0x005af2                  e_po3030k_set_edge_prop
                  0x005b0e                  e_po3030k_set_gamma_coef
                  0x005b58                  e_po3030k_write_gamma_coef
                  0x005b82                  e_po3030k_sync_register_array
                  0x005be0                  e_po3030k_SetColorMatrix
                  0x005c0c                  e_po3030k_set_cb_cr_gain
                  0x005c22                  e_po3030k_set_brigh_contr
                  0x005c38                  e_po3030k_set_sepia_tone
                  0x005c4e                  e_po3030k_set_ww
                  0x005c68                  e_po3030k_set_awb_ae_tol
                  0x005c8a                  e_po3030k_set_ae_speed
                  0x005cae                  e_po3030k_set_exposure
                  0x005cda                  e_po3030k_set_ref_exposure
                  0x005ce8                  e_po3030k_set_max_min_exp
                  0x005d16                  e_po3030k_set_max_min_awb
                  0x005d4c                  e_po3030k_set_weight_win
                  0x005e12                  e_po3030k_set_awb_ae
                  0x005e50                  e_po3030k_set_flicker_mode
                  0x005e76                  e_po3030k_set_flicker_detection
                  0x005f80                  e_po3030k_set_flicker_man_set
 .text            0x006062        0x354 ..\..\..\..\..\GitHub\Robotics-Coursework\Coursework[withSound]\library\camera\fast_2_timer\obj\e_po6030k_registers.o
                  0x006062                  e_po6030k_set_bank
                  0x00607c                  e_po6030k_write_register
                  0x00609e                  e_po6030k_read_register
                  0x0060c0                  e_po6030k_set_bayer_clkdiv
                  0x0060d0                  e_po6030k_set_pclkdiv
                  0x006204                  e_po6030k_set_mode
                  0x00625c                  e_po6030k_set_wx
                  0x0062b2                  e_po6030k_set_wy
                  0x0062be                  e_po6030k_set_vsync
                  0x00631e                  e_po6030k_set_sketch_mode
                  0x00637c                  e_po6030k_set_mirror
 .text            0x0063b6        0x11a ..\..\..\..\..\GitHub\Robotics-Coursework\Coursework[withSound]\library\camera\fast_2_timer\obj\e_common.o
                  0x0063b6                  e_poxxxx_config_cam
                  0x006412                  e_poxxxx_set_mirror
                  0x006444                  e_poxxxx_write_cam_registers
                  0x006458                  e_poxxxx_init_cam
 .text            0x0064d0        0x370 ..\..\..\..\..\GitHub\Robotics-Coursework\Coursework[withSound]\library\I2C\obj\e_I2C_master_module.o
                  0x0064d0                  idle_i2c
                  0x006500                  e_i2c_init
                  0x00653a                  e_i2c_reset
                  0x006582                  e_i2c_enable
                  0x00658e                  e_i2c_disable
                  0x00659a                  e_i2c_start
                  0x0065e2                  e_i2c_restart
                  0x00662a                  e_i2c_stop
                  0x006664                  e_i2c_ack
                  0x0066ce                  e_i2c_nack
                  0x006738                  e_i2c_read
                  0x0067e8                  e_i2c_write
                  0x006826                  _MI2CInterrupt
 .text            0x006840         0xc0 ..\..\..\..\..\GitHub\Robotics-Coursework\Coursework[withSound]\library\I2C\obj\e_I2C_protocol.o
                  0x006840                  e_i2cp_init
                  0x00684a                  e_i2cp_enable
                  0x006854                  e_i2cp_disable
                  0x00685e                  e_i2cp_read
                  0x0068b8                  e_i2cp_write
 .text            0x006900        0x240 obj\aggressive_c.o
                  0x006900                  agg_check_prox_sensors
                  0x0069a8                  LedAggFlash
                  0x0069d0                  AggLedFearAll
                  0x0069f0                  aggressive_c
 .text            0x006b40        0x3d8 obj\findColour.o
                  0x006b40                  setColour
                  0x006b4c                  getImage
                  0x006b60                  Image
                  0x006dee                  isColourVis
                  0x006e20                  turnDirection
                  0x006e6e                  turn
                  0x006e94                  findColour
 .text            0x006f18         0x2e ..\..\..\..\..\GitHub\Robotics-Coursework\Coursework[withSound]\library\uart\obj\e_init_uart1.o
                  0x006f18                  e_init_uart1
 .text            0x006f46         0x3c ..\..\..\..\..\GitHub\Robotics-Coursework\Coursework[withSound]\library\uart\obj\e_uart1_rx_char.o
                  0x006f46                  _U1RXInterrupt
                  0x006f5e                  e_ischar_uart1
                  0x006f66                  e_getchar_uart1
 .text            0x006f82         0x60 ..\..\..\..\..\GitHub\Robotics-Coursework\Coursework[withSound]\library\uart\obj\e_uart1_tx_char.o
                  0x006f82                  _U1TXInterrupt
                  0x006fc6                  e_send_uart1_char
                  0x006fde                  e_uart1_sending
 .text            0x006fe2        0x826 obj\high_level.o
                  0x006fe2                  hltakeImage
                  0x006ff6                  hlprocessImage
                  0x007174                  hlturnDirection
                  0x0071c2                  hlturn
                  0x0071e8                  check_highprox_sensors
                  0x007244                  random_roam
                  0x0072d6                  avoid_obstacle
                  0x0072e8                  turn_to_corner
                  0x00730c                  check_in_corner
                  0x0073a2                  forwardhl
                  0x0073b4                  high_level
 .text            0x007808        0x7d6 obj\goal_seeking.o
                  0x007808                  compute_odometry
                  0x007938                  getDistanceToGoal
                  0x0079a2                  getCurrentDistanceToMline
                  0x007aaa                  getDeltaCurrentPosToGoal
                  0x007b64                  TurnTowardsGoal
                  0x007c30                  gsGetSensorValues
                  0x007c5c                  gsSetSpeed
                  0x007c9e                  goal_seeking
                  0x007faa                  CheckIfLostWall
 .text            0x007fde        0x2ca ..\..\library\followWall\obj\runwallfollow.o
                  0x007fde                  followgetSelectorValue
                  0x008006                  followGetSensorValues
                  0x008032                  doesWallExist
                  0x0080c4                  followsetSpeed
                  0x008106                  run_wallfollow

usercode
 *(usercode)

__FOSC            0xf80000          0x2
 *(__FOSC.sec)
 __FOSC.sec       0xf80000          0x2 ..\..\..\..\..\GitHub\Robotics-Coursework\Coursework[withSound]\library\motor_led\obj\e_init_port.o

__FWDT            0xf80002          0x2
 *(__FWDT.sec)
 __FWDT.sec       0xf80002          0x2 ..\..\..\..\..\GitHub\Robotics-Coursework\Coursework[withSound]\library\motor_led\obj\e_init_port.o

__FBORPOR         0xf80004          0x2
 *(__FBORPOR.sec)
 __FBORPOR.sec    0xf80004          0x2 ..\..\..\..\..\GitHub\Robotics-Coursework\Coursework[withSound]\library\motor_led\obj\e_init_port.o

__FBS
 *(__FBS.sec)

__FSS
 *(__FSS.sec)

__FGS             0xf8000a          0x2
 *(__FGS.sec)
 __FGS.sec        0xf8000a          0x2 FGS
                  0xf8000a                  _FGS.sec

__FUID0
 *(__FUID0.sec)

__FUID1
 *(__FUID1.sec)

__FUID2
 *(__FUID2.sec)

__FUID3
 *(__FUID3.sec)

user_eedata
 *(user_eedata)

userdata
 *(userdata)

.comment          0x000000         0x5e
 *(.comment)
 .comment         0x000000         0x5e q:/microchip/vfs/sft_mnt/program files (x86)/microchip/mplab c30/bin/../lib\libc-coff.a(xfiles.o)

.debug_info
 *(.debug_info)
 *(.gnu.linkonce.wi.*)

.debug_abbrev
 *(.debug_abbrev)

.debug_line
 *(.debug_line)

.debug_frame
 *(.debug_frame)

.debug_str
 *(.debug_str)

.debug_loc
 *(.debug_loc)

.debug_macinfo
 *(.debug_macinfo)

.debug_pubnames
 *(.debug_pubnames)

.debug_ranges
 *(.debug_ranges)

.debug_aranges
 *(.debug_aranges)

.ivt              0x000004         0x7c
                  0x000004          0x4 LONG 0x11bc6 DEFINED (__ReservedTrap0)?<code 336> (__ReservedTrap0):<code 336> (__DefaultInterrupt)
                  0x000006          0x4 LONG 0x11bc6 DEFINED (__OscillatorFail)?<code 336> (__OscillatorFail):<code 336> (__DefaultInterrupt)
                  0x000008          0x4 LONG 0x11bc6 DEFINED (__AddressError)?<code 336> (__AddressError):<code 336> (__DefaultInterrupt)
                  0x00000a          0x4 LONG 0x11bc6 DEFINED (__StackError)?<code 336> (__StackError):<code 336> (__DefaultInterrupt)
                  0x00000c          0x4 LONG 0x11bc6 DEFINED (__MathError)?<code 336> (__MathError):<code 336> (__DefaultInterrupt)
                  0x00000e          0x4 LONG 0x11bc6 DEFINED (__ReservedTrap5)?<code 336> (__ReservedTrap5):<code 336> (__DefaultInterrupt)
                  0x000010          0x4 LONG 0x11bc6 DEFINED (__ReservedTrap6)?<code 336> (__ReservedTrap6):<code 336> (__DefaultInterrupt)
                  0x000012          0x4 LONG 0x11bc6 DEFINED (__ReservedTrap7)?<code 336> (__ReservedTrap7):<code 336> (__DefaultInterrupt)
                  0x000014          0x4 LONG 0x2bf0 DEFINED (__INT0Interrupt)?<code 336> (__INT0Interrupt):<code 336> (__DefaultInterrupt)
                  0x000016          0x4 LONG 0x11bc6 DEFINED (__IC1Interrupt)?<code 336> (__IC1Interrupt):<code 336> (__DefaultInterrupt)
                  0x000018          0x4 LONG 0x11bc6 DEFINED (__OC1Interrupt)?<code 336> (__OC1Interrupt):<code 336> (__DefaultInterrupt)
                  0x00001a          0x4 LONG 0x11bc6 DEFINED (__T1Interrupt)?<code 336> (__T1Interrupt):<code 336> (__DefaultInterrupt)
                  0x00001c          0x4 LONG 0x11bc6 DEFINED (__IC2Interrupt)?<code 336> (__IC2Interrupt):<code 336> (__DefaultInterrupt)
                  0x00001e          0x4 LONG 0x11bc6 DEFINED (__OC2Interrupt)?<code 336> (__OC2Interrupt):<code 336> (__DefaultInterrupt)
                  0x000020          0x4 LONG 0x2b78 DEFINED (__T2Interrupt)?<code 336> (__T2Interrupt):<code 336> (__DefaultInterrupt)
                  0x000022          0x4 LONG 0x11bc6 DEFINED (__T3Interrupt)?<code 336> (__T3Interrupt):<code 336> (__DefaultInterrupt)
                  0x000024          0x4 LONG 0x11bc6 DEFINED (__SPI1Interrupt)?<code 336> (__SPI1Interrupt):<code 336> (__DefaultInterrupt)
                  0x000026          0x4 LONG 0x6f46 DEFINED (__U1RXInterrupt)?<code 336> (__U1RXInterrupt):<code 336> (__DefaultInterrupt)
                  0x000028          0x4 LONG 0x6f82 DEFINED (__U1TXInterrupt)?<code 336> (__U1TXInterrupt):<code 336> (__DefaultInterrupt)
                  0x00002a          0x4 LONG 0x3456 DEFINED (__ADCInterrupt)?<code 336> (__ADCInterrupt):<code 336> (__DefaultInterrupt)
                  0x00002c          0x4 LONG 0x11bc6 DEFINED (__NVMInterrupt)?<code 336> (__NVMInterrupt):<code 336> (__DefaultInterrupt)
                  0x00002e          0x4 LONG 0x11bc6 DEFINED (__SI2CInterrupt)?<code 336> (__SI2CInterrupt):<code 336> (__DefaultInterrupt)
                  0x000030          0x4 LONG 0x6826 DEFINED (__MI2CInterrupt)?<code 336> (__MI2CInterrupt):<code 336> (__DefaultInterrupt)
                  0x000032          0x4 LONG 0x11bc6 DEFINED (__CNInterrupt)?<code 336> (__CNInterrupt):<code 336> (__DefaultInterrupt)
                  0x000034          0x4 LONG 0x11bc6 DEFINED (__INT1Interrupt)?<code 336> (__INT1Interrupt):<code 336> (__DefaultInterrupt)
                  0x000036          0x4 LONG 0x11bc6 DEFINED (__IC7Interrupt)?<code 336> (__IC7Interrupt):<code 336> (__DefaultInterrupt)
                  0x000038          0x4 LONG 0x11bc6 DEFINED (__IC8Interrupt)?<code 336> (__IC8Interrupt):<code 336> (__DefaultInterrupt)
                  0x00003a          0x4 LONG 0x11bc6 DEFINED (__OC3Interrupt)?<code 336> (__OC3Interrupt):<code 336> (__DefaultInterrupt)
                  0x00003c          0x4 LONG 0x11bc6 DEFINED (__OC4Interrupt)?<code 336> (__OC4Interrupt):<code 336> (__DefaultInterrupt)
                  0x00003e          0x4 LONG 0x277c DEFINED (__T4Interrupt)?<code 336> (__T4Interrupt):<code 336> (__DefaultInterrupt)
                  0x000040          0x4 LONG 0x45d8 DEFINED (__T5Interrupt)?<code 336> (__T5Interrupt):<code 336> (__DefaultInterrupt)
                  0x000042          0x4 LONG 0x11bc6 DEFINED (__INT2Interrupt)?<code 336> (__INT2Interrupt):<code 336> (__DefaultInterrupt)
                  0x000044          0x4 LONG 0x11bc6 DEFINED (__U2RXInterrupt)?<code 336> (__U2RXInterrupt):<code 336> (__DefaultInterrupt)
                  0x000046          0x4 LONG 0x11bc6 DEFINED (__U2TXInterrupt)?<code 336> (__U2TXInterrupt):<code 336> (__DefaultInterrupt)
                  0x000048          0x4 LONG 0x11bc6 DEFINED (__SPI2Interrupt)?<code 336> (__SPI2Interrupt):<code 336> (__DefaultInterrupt)
                  0x00004a          0x4 LONG 0x11bc6 DEFINED (__C1Interrupt)?<code 336> (__C1Interrupt):<code 336> (__DefaultInterrupt)
                  0x00004c          0x4 LONG 0x11bc6 DEFINED (__IC3Interrupt)?<code 336> (__IC3Interrupt):<code 336> (__DefaultInterrupt)
                  0x00004e          0x4 LONG 0x11bc6 DEFINED (__IC4Interrupt)?<code 336> (__IC4Interrupt):<code 336> (__DefaultInterrupt)
                  0x000050          0x4 LONG 0x11bc6 DEFINED (__IC5Interrupt)?<code 336> (__IC5Interrupt):<code 336> (__DefaultInterrupt)
                  0x000052          0x4 LONG 0x11bc6 DEFINED (__IC6Interrupt)?<code 336> (__IC6Interrupt):<code 336> (__DefaultInterrupt)
                  0x000054          0x4 LONG 0x11bc6 DEFINED (__OC5Interrupt)?<code 336> (__OC5Interrupt):<code 336> (__DefaultInterrupt)
                  0x000056          0x4 LONG 0x11bc6 DEFINED (__OC6Interrupt)?<code 336> (__OC6Interrupt):<code 336> (__DefaultInterrupt)
                  0x000058          0x4 LONG 0x11bc6 DEFINED (__OC7Interrupt)?<code 336> (__OC7Interrupt):<code 336> (__DefaultInterrupt)
                  0x00005a          0x4 LONG 0x11bc6 DEFINED (__OC8Interrupt)?<code 336> (__OC8Interrupt):<code 336> (__DefaultInterrupt)
                  0x00005c          0x4 LONG 0x11bc6 DEFINED (__INT3Interrupt)?<code 336> (__INT3Interrupt):<code 336> (__DefaultInterrupt)
                  0x00005e          0x4 LONG 0x11bc6 DEFINED (__INT4Interrupt)?<code 336> (__INT4Interrupt):<code 336> (__DefaultInterrupt)
                  0x000060          0x4 LONG 0x11bc6 DEFINED (__C2Interrupt)?<code 336> (__C2Interrupt):<code 336> (__DefaultInterrupt)
                  0x000062          0x4 LONG 0x11bc6 DEFINED (__PWMInterrupt)?<code 336> (__PWMInterrupt):<code 336> (__DefaultInterrupt)
                  0x000064          0x4 LONG 0x11bc6 DEFINED (__QEIInterrupt)?<code 336> (__QEIInterrupt):<code 336> (__DefaultInterrupt)
                  0x000066          0x4 LONG 0x289e DEFINED (__DCIInterrupt)?<code 336> (__DCIInterrupt):<code 336> (__DefaultInterrupt)
                  0x000068          0x4 LONG 0x11bc6 DEFINED (__LVDInterrupt)?<code 336> (__LVDInterrupt):<code 336> (__DefaultInterrupt)
                  0x00006a          0x4 LONG 0x11bc6 DEFINED (__FLTAInterrupt)?<code 336> (__FLTAInterrupt):<code 336> (__DefaultInterrupt)
                  0x00006c          0x4 LONG 0x11bc6 DEFINED (__FLTBInterrupt)?<code 336> (__FLTBInterrupt):<code 336> (__DefaultInterrupt)
                  0x00006e          0x4 LONG 0x11bc6 DEFINED (__Interrupt45)?<code 336> (__Interrupt45):<code 336> (__DefaultInterrupt)
                  0x000070          0x4 LONG 0x11bc6 DEFINED (__Interrupt46)?<code 336> (__Interrupt46):<code 336> (__DefaultInterrupt)
                  0x000072          0x4 LONG 0x11bc6 DEFINED (__Interrupt47)?<code 336> (__Interrupt47):<code 336> (__DefaultInterrupt)
                  0x000074          0x4 LONG 0x11bc6 DEFINED (__Interrupt48)?<code 336> (__Interrupt48):<code 336> (__DefaultInterrupt)
                  0x000076          0x4 LONG 0x11bc6 DEFINED (__Interrupt49)?<code 336> (__Interrupt49):<code 336> (__DefaultInterrupt)
                  0x000078          0x4 LONG 0x11bc6 DEFINED (__Interrupt50)?<code 336> (__Interrupt50):<code 336> (__DefaultInterrupt)
                  0x00007a          0x4 LONG 0x11bc6 DEFINED (__Interrupt51)?<code 336> (__Interrupt51):<code 336> (__DefaultInterrupt)
                  0x00007c          0x4 LONG 0x11bc6 DEFINED (__Interrupt52)?<code 336> (__Interrupt52):<code 336> (__DefaultInterrupt)
                  0x00007e          0x4 LONG 0x11bc6 DEFINED (__Interrupt53)?<code 336> (__Interrupt53):<code 336> (__DefaultInterrupt)

.aivt             0x000084         0x7c
                  0x000084          0x4 LONG 0x11bc6 DEFINED (__AltReservedTrap0)?<code 336> (__AltReservedTrap0):DEFINED (__ReservedTrap0)?<code 336> (__ReservedTrap0):<code 336> (__DefaultInterrupt)
                  0x000086          0x4 LONG 0x11bc6 DEFINED (__AltOscillatorFail)?<code 336> (__AltOscillatorFail):DEFINED (__OscillatorFail)?<code 336> (__OscillatorFail):<code 336> (__DefaultInterrupt)
                  0x000088          0x4 LONG 0x11bc6 DEFINED (__AltAddressError)?<code 336> (__AltAddressError):DEFINED (__AddressError)?<code 336> (__AddressError):<code 336> (__DefaultInterrupt)
                  0x00008a          0x4 LONG 0x11bc6 DEFINED (__AltStackError)?<code 336> (__AltStackError):DEFINED (__StackError)?<code 336> (__StackError):<code 336> (__DefaultInterrupt)
                  0x00008c          0x4 LONG 0x11bc6 DEFINED (__AltMathError)?<code 336> (__AltMathError):DEFINED (__MathError)?<code 336> (__MathError):<code 336> (__DefaultInterrupt)
                  0x00008e          0x4 LONG 0x11bc6 DEFINED (__AltReservedTrap5)?<code 336> (__AltReservedTrap5):DEFINED (__ReservedTrap5)?<code 336> (__ReservedTrap5):<code 336> (__DefaultInterrupt)
                  0x000090          0x4 LONG 0x11bc6 DEFINED (__AltReservedTrap6)?<code 336> (__AltReservedTrap6):DEFINED (__ReservedTrap6)?<code 336> (__ReservedTrap6):<code 336> (__DefaultInterrupt)
                  0x000092          0x4 LONG 0x11bc6 DEFINED (__AltReservedTrap7)?<code 336> (__AltReservedTrap7):DEFINED (__ReservedTrap7)?<code 336> (__ReservedTrap7):<code 336> (__DefaultInterrupt)
                  0x000094          0x4 LONG 0x2bf0 DEFINED (__AltINT0Interrupt)?<code 336> (__AltINT0Interrupt):DEFINED (__INT0Interrupt)?<code 336> (__INT0Interrupt):<code 336> (__DefaultInterrupt)
                  0x000096          0x4 LONG 0x11bc6 DEFINED (__AltIC1Interrupt)?<code 336> (__AltIC1Interrupt):DEFINED (__IC1Interrupt)?<code 336> (__IC1Interrupt):<code 336> (__DefaultInterrupt)
                  0x000098          0x4 LONG 0x11bc6 DEFINED (__AltOC1Interrupt)?<code 336> (__AltOC1Interrupt):DEFINED (__OC1Interrupt)?<code 336> (__OC1Interrupt):<code 336> (__DefaultInterrupt)
                  0x00009a          0x4 LONG 0x11bc6 DEFINED (__AltT1Interrupt)?<code 336> (__AltT1Interrupt):DEFINED (__T1Interrupt)?<code 336> (__T1Interrupt):<code 336> (__DefaultInterrupt)
                  0x00009c          0x4 LONG 0x11bc6 DEFINED (__AltIC2Interrupt)?<code 336> (__AltIC2Interrupt):DEFINED (__IC2Interrupt)?<code 336> (__IC2Interrupt):<code 336> (__DefaultInterrupt)
                  0x00009e          0x4 LONG 0x11bc6 DEFINED (__AltOC2Interrupt)?<code 336> (__AltOC2Interrupt):DEFINED (__OC2Interrupt)?<code 336> (__OC2Interrupt):<code 336> (__DefaultInterrupt)
                  0x0000a0          0x4 LONG 0x2b78 DEFINED (__AltT2Interrupt)?<code 336> (__AltT2Interrupt):DEFINED (__T2Interrupt)?<code 336> (__T2Interrupt):<code 336> (__DefaultInterrupt)
                  0x0000a2          0x4 LONG 0x11bc6 DEFINED (__AltT3Interrupt)?<code 336> (__AltT3Interrupt):DEFINED (__T3Interrupt)?<code 336> (__T3Interrupt):<code 336> (__DefaultInterrupt)
                  0x0000a4          0x4 LONG 0x11bc6 DEFINED (__AltSPI1Interrupt)?<code 336> (__AltSPI1Interrupt):DEFINED (__SPI1Interrupt)?<code 336> (__SPI1Interrupt):<code 336> (__DefaultInterrupt)
                  0x0000a6          0x4 LONG 0x6f46 DEFINED (__AltU1RXInterrupt)?<code 336> (__AltU1RXInterrupt):DEFINED (__U1RXInterrupt)?<code 336> (__U1RXInterrupt):<code 336> (__DefaultInterrupt)
                  0x0000a8          0x4 LONG 0x6f82 DEFINED (__AltU1TXInterrupt)?<code 336> (__AltU1TXInterrupt):DEFINED (__U1TXInterrupt)?<code 336> (__U1TXInterrupt):<code 336> (__DefaultInterrupt)
                  0x0000aa          0x4 LONG 0x3456 DEFINED (__AltADCInterrupt)?<code 336> (__AltADCInterrupt):DEFINED (__ADCInterrupt)?<code 336> (__ADCInterrupt):<code 336> (__DefaultInterrupt)
                  0x0000ac          0x4 LONG 0x11bc6 DEFINED (__AltNVMInterrupt)?<code 336> (__AltNVMInterrupt):DEFINED (__NVMInterrupt)?<code 336> (__NVMInterrupt):<code 336> (__DefaultInterrupt)
                  0x0000ae          0x4 LONG 0x11bc6 DEFINED (__AltSI2CInterrupt)?<code 336> (__AltSI2CInterrupt):DEFINED (__SI2CInterrupt)?<code 336> (__SI2CInterrupt):<code 336> (__DefaultInterrupt)
                  0x0000b0          0x4 LONG 0x6826 DEFINED (__AltMI2CInterrupt)?<code 336> (__AltMI2CInterrupt):DEFINED (__MI2CInterrupt)?<code 336> (__MI2CInterrupt):<code 336> (__DefaultInterrupt)
                  0x0000b2          0x4 LONG 0x11bc6 DEFINED (__AltCNInterrupt)?<code 336> (__AltCNInterrupt):DEFINED (__CNInterrupt)?<code 336> (__CNInterrupt):<code 336> (__DefaultInterrupt)
                  0x0000b4          0x4 LONG 0x11bc6 DEFINED (__AltINT1Interrupt)?<code 336> (__AltINT1Interrupt):DEFINED (__INT1Interrupt)?<code 336> (__INT1Interrupt):<code 336> (__DefaultInterrupt)
                  0x0000b6          0x4 LONG 0x11bc6 DEFINED (__AltIC7Interrupt)?<code 336> (__AltIC7Interrupt):DEFINED (__IC7Interrupt)?<code 336> (__IC7Interrupt):<code 336> (__DefaultInterrupt)
                  0x0000b8          0x4 LONG 0x11bc6 DEFINED (__AltIC8Interrupt)?<code 336> (__AltIC8Interrupt):DEFINED (__IC8Interrupt)?<code 336> (__IC8Interrupt):<code 336> (__DefaultInterrupt)
                  0x0000ba          0x4 LONG 0x11bc6 DEFINED (__AltOC3Interrupt)?<code 336> (__AltOC3Interrupt):DEFINED (__OC3Interrupt)?<code 336> (__OC3Interrupt):<code 336> (__DefaultInterrupt)
                  0x0000bc          0x4 LONG 0x11bc6 DEFINED (__AltOC4Interrupt)?<code 336> (__AltOC4Interrupt):DEFINED (__OC4Interrupt)?<code 336> (__OC4Interrupt):<code 336> (__DefaultInterrupt)
                  0x0000be          0x4 LONG 0x277c DEFINED (__AltT4Interrupt)?<code 336> (__AltT4Interrupt):DEFINED (__T4Interrupt)?<code 336> (__T4Interrupt):<code 336> (__DefaultInterrupt)
                  0x0000c0          0x4 LONG 0x45d8 DEFINED (__AltT5Interrupt)?<code 336> (__AltT5Interrupt):DEFINED (__T5Interrupt)?<code 336> (__T5Interrupt):<code 336> (__DefaultInterrupt)
                  0x0000c2          0x4 LONG 0x11bc6 DEFINED (__AltINT2Interrupt)?<code 336> (__AltINT2Interrupt):DEFINED (__INT2Interrupt)?<code 336> (__INT2Interrupt):<code 336> (__DefaultInterrupt)
                  0x0000c4          0x4 LONG 0x11bc6 DEFINED (__AltU2RXInterrupt)?<code 336> (__AltU2RXInterrupt):DEFINED (__U2RXInterrupt)?<code 336> (__U2RXInterrupt):<code 336> (__DefaultInterrupt)
                  0x0000c6          0x4 LONG 0x11bc6 DEFINED (__AltU2TXInterrupt)?<code 336> (__AltU2TXInterrupt):DEFINED (__U2TXInterrupt)?<code 336> (__U2TXInterrupt):<code 336> (__DefaultInterrupt)
                  0x0000c8          0x4 LONG 0x11bc6 DEFINED (__AltSPI2Interrupt)?<code 336> (__AltSPI2Interrupt):DEFINED (__SPI2Interrupt)?<code 336> (__SPI2Interrupt):<code 336> (__DefaultInterrupt)
                  0x0000ca          0x4 LONG 0x11bc6 DEFINED (__AltC1Interrupt)?<code 336> (__AltC1Interrupt):DEFINED (__C1Interrupt)?<code 336> (__C1Interrupt):<code 336> (__DefaultInterrupt)
                  0x0000cc          0x4 LONG 0x11bc6 DEFINED (__AltIC3Interrupt)?<code 336> (__AltIC3Interrupt):DEFINED (__IC3Interrupt)?<code 336> (__IC3Interrupt):<code 336> (__DefaultInterrupt)
                  0x0000ce          0x4 LONG 0x11bc6 DEFINED (__AltIC4Interrupt)?<code 336> (__AltIC4Interrupt):DEFINED (__IC4Interrupt)?<code 336> (__IC4Interrupt):<code 336> (__DefaultInterrupt)
                  0x0000d0          0x4 LONG 0x11bc6 DEFINED (__AltIC5Interrupt)?<code 336> (__AltIC5Interrupt):DEFINED (__IC5Interrupt)?<code 336> (__IC5Interrupt):<code 336> (__DefaultInterrupt)
                  0x0000d2          0x4 LONG 0x11bc6 DEFINED (__AltIC6Interrupt)?<code 336> (__AltIC6Interrupt):DEFINED (__IC6Interrupt)?<code 336> (__IC6Interrupt):<code 336> (__DefaultInterrupt)
                  0x0000d4          0x4 LONG 0x11bc6 DEFINED (__AltOC5Interrupt)?<code 336> (__AltOC5Interrupt):DEFINED (__OC5Interrupt)?<code 336> (__OC5Interrupt):<code 336> (__DefaultInterrupt)
                  0x0000d6          0x4 LONG 0x11bc6 DEFINED (__AltOC6Interrupt)?<code 336> (__AltOC6Interrupt):DEFINED (__OC6Interrupt)?<code 336> (__OC6Interrupt):<code 336> (__DefaultInterrupt)
                  0x0000d8          0x4 LONG 0x11bc6 DEFINED (__AltOC7Interrupt)?<code 336> (__AltOC7Interrupt):DEFINED (__OC7Interrupt)?<code 336> (__OC7Interrupt):<code 336> (__DefaultInterrupt)
                  0x0000da          0x4 LONG 0x11bc6 DEFINED (__AltOC8Interrupt)?<code 336> (__AltOC8Interrupt):DEFINED (__OC8Interrupt)?<code 336> (__OC8Interrupt):<code 336> (__DefaultInterrupt)
                  0x0000dc          0x4 LONG 0x11bc6 DEFINED (__AltINT3Interrupt)?<code 336> (__AltINT3Interrupt):DEFINED (__INT3Interrupt)?<code 336> (__INT3Interrupt):<code 336> (__DefaultInterrupt)
                  0x0000de          0x4 LONG 0x11bc6 DEFINED (__AltINT4Interrupt)?<code 336> (__AltINT4Interrupt):DEFINED (__INT4Interrupt)?<code 336> (__INT4Interrupt):<code 336> (__DefaultInterrupt)
                  0x0000e0          0x4 LONG 0x11bc6 DEFINED (__AltC2Interrupt)?<code 336> (__AltC2Interrupt):DEFINED (__C2Interrupt)?<code 336> (__C2Interrupt):<code 336> (__DefaultInterrupt)
                  0x0000e2          0x4 LONG 0x11bc6 DEFINED (__AltPWMInterrupt)?<code 336> (__AltPWMInterrupt):DEFINED (__PWMInterrupt)?<code 336> (__PWMInterrupt):<code 336> (__DefaultInterrupt)
                  0x0000e4          0x4 LONG 0x11bc6 DEFINED (__AltQEIInterrupt)?<code 336> (__AltQEIInterrupt):DEFINED (__QEIInterrupt)?<code 336> (__QEIInterrupt):<code 336> (__DefaultInterrupt)
                  0x0000e6          0x4 LONG 0x289e DEFINED (__AltDCIInterrupt)?<code 336> (__AltDCIInterrupt):DEFINED (__DCIInterrupt)?<code 336> (__DCIInterrupt):<code 336> (__DefaultInterrupt)
                  0x0000e8          0x4 LONG 0x11bc6 DEFINED (__AltLVDInterrupt)?<code 336> (__AltLVDInterrupt):DEFINED (__LVDInterrupt)?<code 336> (__LVDInterrupt):<code 336> (__DefaultInterrupt)
                  0x0000ea          0x4 LONG 0x11bc6 DEFINED (__AltFLTAInterrupt)?<code 336> (__AltFLTAInterrupt):DEFINED (__FLTAInterrupt)?<code 336> (__FLTAInterrupt):<code 336> (__DefaultInterrupt)
                  0x0000ec          0x4 LONG 0x11bc6 DEFINED (__AltFLTBInterrupt)?<code 336> (__AltFLTBInterrupt):DEFINED (__FLTBInterrupt)?<code 336> (__FLTBInterrupt):<code 336> (__DefaultInterrupt)
                  0x0000ee          0x4 LONG 0x11bc6 DEFINED (__AltInterrupt45)?<code 336> (__AltInterrupt45):DEFINED (__Interrupt45)?<code 336> (__Interrupt45):<code 336> (__DefaultInterrupt)
                  0x0000f0          0x4 LONG 0x11bc6 DEFINED (__AltInterrupt46)?<code 336> (__AltInterrupt46):DEFINED (__Interrupt46)?<code 336> (__Interrupt46):<code 336> (__DefaultInterrupt)
                  0x0000f2          0x4 LONG 0x11bc6 DEFINED (__AltInterrupt47)?<code 336> (__AltInterrupt47):DEFINED (__Interrupt47)?<code 336> (__Interrupt47):<code 336> (__DefaultInterrupt)
                  0x0000f4          0x4 LONG 0x11bc6 DEFINED (__AltInterrupt48)?<code 336> (__AltInterrupt48):DEFINED (__Interrupt48)?<code 336> (__Interrupt48):<code 336> (__DefaultInterrupt)
                  0x0000f6          0x4 LONG 0x11bc6 DEFINED (__AltInterrupt49)?<code 336> (__AltInterrupt49):DEFINED (__Interrupt49)?<code 336> (__Interrupt49):<code 336> (__DefaultInterrupt)
                  0x0000f8          0x4 LONG 0x11bc6 DEFINED (__AltInterrupt50)?<code 336> (__AltInterrupt50):DEFINED (__Interrupt50)?<code 336> (__Interrupt50):<code 336> (__DefaultInterrupt)
                  0x0000fa          0x4 LONG 0x11bc6 DEFINED (__AltInterrupt51)?<code 336> (__AltInterrupt51):DEFINED (__Interrupt51)?<code 336> (__Interrupt51):<code 336> (__DefaultInterrupt)
                  0x0000fc          0x4 LONG 0x11bc6 DEFINED (__AltInterrupt52)?<code 336> (__AltInterrupt52):DEFINED (__Interrupt52)?<code 336> (__Interrupt52):<code 336> (__DefaultInterrupt)
                  0x0000fe          0x4 LONG 0x11bc6 DEFINED (__AltInterrupt53)?<code 336> (__AltInterrupt53):DEFINED (__Interrupt53)?<code 336> (__Interrupt53):<code 336> (__DefaultInterrupt)
                    0x0000                  WREG0 = 0x0
                    0x0000                  _WREG0 = 0x0
                    0x0002                  WREG1 = 0x2
                    0x0002                  _WREG1 = 0x2
                    0x0004                  WREG2 = 0x4
                    0x0004                  _WREG2 = 0x4
                    0x0006                  WREG3 = 0x6
                    0x0006                  _WREG3 = 0x6
                    0x0008                  WREG4 = 0x8
                    0x0008                  _WREG4 = 0x8
                    0x000a                  WREG5 = 0xa
                    0x000a                  _WREG5 = 0xa
                    0x000c                  WREG6 = 0xc
                    0x000c                  _WREG6 = 0xc
                    0x000e                  WREG7 = 0xe
                    0x000e                  _WREG7 = 0xe
                    0x0010                  WREG8 = 0x10
                    0x0010                  _WREG8 = 0x10
                    0x0012                  WREG9 = 0x12
                    0x0012                  _WREG9 = 0x12
                    0x0014                  WREG10 = 0x14
                    0x0014                  _WREG10 = 0x14
                    0x0016                  WREG11 = 0x16
                    0x0016                  _WREG11 = 0x16
                    0x0018                  WREG12 = 0x18
                    0x0018                  _WREG12 = 0x18
                    0x001a                  WREG13 = 0x1a
                    0x001a                  _WREG13 = 0x1a
                    0x001c                  WREG14 = 0x1c
                    0x001c                  _WREG14 = 0x1c
                    0x001e                  WREG15 = 0x1e
                    0x001e                  _WREG15 = 0x1e
                    0x0020                  SPLIM = 0x20
                    0x0020                  _SPLIM = 0x20
                    0x0022                  ACCAL = 0x22
                    0x0022                  _ACCAL = 0x22
                    0x0024                  ACCAH = 0x24
                    0x0024                  _ACCAH = 0x24
                    0x0026                  ACCAU = 0x26
                    0x0026                  _ACCAU = 0x26
                    0x0028                  ACCBL = 0x28
                    0x0028                  _ACCBL = 0x28
                    0x002a                  ACCBH = 0x2a
                    0x002a                  _ACCBH = 0x2a
                    0x002c                  ACCBU = 0x2c
                    0x002c                  _ACCBU = 0x2c
                    0x002e                  PCL = 0x2e
                    0x002e                  _PCL = 0x2e
                    0x0030                  PCH = 0x30
                    0x0030                  _PCH = 0x30
                    0x0032                  TBLPAG = 0x32
                    0x0032                  _TBLPAG = 0x32
                    0x0034                  PSVPAG = 0x34
                    0x0034                  _PSVPAG = 0x34
                    0x0036                  RCOUNT = 0x36
                    0x0036                  _RCOUNT = 0x36
                    0x0038                  DCOUNT = 0x38
                    0x0038                  _DCOUNT = 0x38
                    0x003a                  DOSTARTL = 0x3a
                    0x003a                  _DOSTARTL = 0x3a
                    0x003c                  DOSTARTH = 0x3c
                    0x003c                  _DOSTARTH = 0x3c
                    0x003e                  DOENDL = 0x3e
                    0x003e                  _DOENDL = 0x3e
                    0x0040                  DOENDH = 0x40
                    0x0040                  _DOENDH = 0x40
                    0x0042                  SR = 0x42
                    0x0042                  _SR = 0x42
                    0x0044                  CORCON = 0x44
                    0x0044                  _CORCON = 0x44
                    0x0046                  MODCON = 0x46
                    0x0046                  _MODCON = 0x46
                    0x0048                  XMODSRT = 0x48
                    0x0048                  _XMODSRT = 0x48
                    0x004a                  XMODEND = 0x4a
                    0x004a                  _XMODEND = 0x4a
                    0x004c                  YMODSRT = 0x4c
                    0x004c                  _YMODSRT = 0x4c
                    0x004e                  YMODEND = 0x4e
                    0x004e                  _YMODEND = 0x4e
                    0x0050                  XBREV = 0x50
                    0x0050                  _XBREV = 0x50
                    0x0052                  DISICNT = 0x52
                    0x0052                  _DISICNT = 0x52
                    0x0080                  INTCON1 = 0x80
                    0x0080                  _INTCON1 = 0x80
                    0x0082                  INTCON2 = 0x82
                    0x0082                  _INTCON2 = 0x82
                    0x0084                  IFS0 = 0x84
                    0x0084                  _IFS0 = 0x84
                    0x0086                  IFS1 = 0x86
                    0x0086                  _IFS1 = 0x86
                    0x0088                  IFS2 = 0x88
                    0x0088                  _IFS2 = 0x88
                    0x008c                  IEC0 = 0x8c
                    0x008c                  _IEC0 = 0x8c
                    0x008e                  IEC1 = 0x8e
                    0x008e                  _IEC1 = 0x8e
                    0x0090                  IEC2 = 0x90
                    0x0090                  _IEC2 = 0x90
                    0x0094                  IPC0 = 0x94
                    0x0094                  _IPC0 = 0x94
                    0x0096                  IPC1 = 0x96
                    0x0096                  _IPC1 = 0x96
                    0x0098                  IPC2 = 0x98
                    0x0098                  _IPC2 = 0x98
                    0x009a                  IPC3 = 0x9a
                    0x009a                  _IPC3 = 0x9a
                    0x009c                  IPC4 = 0x9c
                    0x009c                  _IPC4 = 0x9c
                    0x009e                  IPC5 = 0x9e
                    0x009e                  _IPC5 = 0x9e
                    0x00a0                  IPC6 = 0xa0
                    0x00a0                  _IPC6 = 0xa0
                    0x00a2                  IPC7 = 0xa2
                    0x00a2                  _IPC7 = 0xa2
                    0x00a4                  IPC8 = 0xa4
                    0x00a4                  _IPC8 = 0xa4
                    0x00a6                  IPC9 = 0xa6
                    0x00a6                  _IPC9 = 0xa6
                    0x00a8                  IPC10 = 0xa8
                    0x00a8                  _IPC10 = 0xa8
                    0x00b0                  INTTREG = 0xb0
                    0x00b0                  _INTTREG = 0xb0
                    0x00c0                  CNEN1 = 0xc0
                    0x00c0                  _CNEN1 = 0xc0
                    0x00c2                  CNEN2 = 0xc2
                    0x00c2                  _CNEN2 = 0xc2
                    0x00c4                  CNPU1 = 0xc4
                    0x00c4                  _CNPU1 = 0xc4
                    0x00c6                  CNPU2 = 0xc6
                    0x00c6                  _CNPU2 = 0xc6
                    0x0100                  TMR1 = 0x100
                    0x0100                  _TMR1 = 0x100
                    0x0102                  PR1 = 0x102
                    0x0102                  _PR1 = 0x102
                    0x0104                  T1CON = 0x104
                    0x0104                  _T1CON = 0x104
                    0x0106                  TMR2 = 0x106
                    0x0106                  _TMR2 = 0x106
                    0x0108                  TMR3HLD = 0x108
                    0x0108                  _TMR3HLD = 0x108
                    0x010a                  TMR3 = 0x10a
                    0x010a                  _TMR3 = 0x10a
                    0x010c                  PR2 = 0x10c
                    0x010c                  _PR2 = 0x10c
                    0x010e                  PR3 = 0x10e
                    0x010e                  _PR3 = 0x10e
                    0x0110                  T2CON = 0x110
                    0x0110                  _T2CON = 0x110
                    0x0112                  T3CON = 0x112
                    0x0112                  _T3CON = 0x112
                    0x0114                  TMR4 = 0x114
                    0x0114                  _TMR4 = 0x114
                    0x0116                  TMR5HLD = 0x116
                    0x0116                  _TMR5HLD = 0x116
                    0x0118                  TMR5 = 0x118
                    0x0118                  _TMR5 = 0x118
                    0x011a                  PR4 = 0x11a
                    0x011a                  _PR4 = 0x11a
                    0x011c                  PR5 = 0x11c
                    0x011c                  _PR5 = 0x11c
                    0x011e                  T4CON = 0x11e
                    0x011e                  _T4CON = 0x11e
                    0x0120                  T5CON = 0x120
                    0x0120                  _T5CON = 0x120
                    0x0140                  IC1BUF = 0x140
                    0x0140                  _IC1BUF = 0x140
                    0x0142                  IC1CON = 0x142
                    0x0142                  _IC1CON = 0x142
                    0x0144                  IC2BUF = 0x144
                    0x0144                  _IC2BUF = 0x144
                    0x0146                  IC2CON = 0x146
                    0x0146                  _IC2CON = 0x146
                    0x0148                  IC3BUF = 0x148
                    0x0148                  _IC3BUF = 0x148
                    0x014a                  IC3CON = 0x14a
                    0x014a                  _IC3CON = 0x14a
                    0x014c                  IC4BUF = 0x14c
                    0x014c                  _IC4BUF = 0x14c
                    0x014e                  IC4CON = 0x14e
                    0x014e                  _IC4CON = 0x14e
                    0x0150                  IC5BUF = 0x150
                    0x0150                  _IC5BUF = 0x150
                    0x0152                  IC5CON = 0x152
                    0x0152                  _IC5CON = 0x152
                    0x0154                  IC6BUF = 0x154
                    0x0154                  _IC6BUF = 0x154
                    0x0156                  IC6CON = 0x156
                    0x0156                  _IC6CON = 0x156
                    0x0158                  IC7BUF = 0x158
                    0x0158                  _IC7BUF = 0x158
                    0x015a                  IC7CON = 0x15a
                    0x015a                  _IC7CON = 0x15a
                    0x015c                  IC8BUF = 0x15c
                    0x015c                  _IC8BUF = 0x15c
                    0x015e                  IC8CON = 0x15e
                    0x015e                  _IC8CON = 0x15e
                    0x0180                  OC1RS = 0x180
                    0x0180                  _OC1RS = 0x180
                    0x0182                  OC1R = 0x182
                    0x0182                  _OC1R = 0x182
                    0x0184                  OC1CON = 0x184
                    0x0184                  _OC1CON = 0x184
                    0x0186                  OC2RS = 0x186
                    0x0186                  _OC2RS = 0x186
                    0x0188                  OC2R = 0x188
                    0x0188                  _OC2R = 0x188
                    0x018a                  OC2CON = 0x18a
                    0x018a                  _OC2CON = 0x18a
                    0x018c                  OC3RS = 0x18c
                    0x018c                  _OC3RS = 0x18c
                    0x018e                  OC3R = 0x18e
                    0x018e                  _OC3R = 0x18e
                    0x0190                  OC3CON = 0x190
                    0x0190                  _OC3CON = 0x190
                    0x0192                  OC4RS = 0x192
                    0x0192                  _OC4RS = 0x192
                    0x0194                  OC4R = 0x194
                    0x0194                  _OC4R = 0x194
                    0x0196                  OC4CON = 0x196
                    0x0196                  _OC4CON = 0x196
                    0x0198                  OC5RS = 0x198
                    0x0198                  _OC5RS = 0x198
                    0x019a                  OC5R = 0x19a
                    0x019a                  _OC5R = 0x19a
                    0x019c                  OC5CON = 0x19c
                    0x019c                  _OC5CON = 0x19c
                    0x019e                  OC6RS = 0x19e
                    0x019e                  _OC6RS = 0x19e
                    0x01a0                  OC6R = 0x1a0
                    0x01a0                  _OC6R = 0x1a0
                    0x01a2                  OC6CON = 0x1a2
                    0x01a2                  _OC6CON = 0x1a2
                    0x01a4                  OC7RS = 0x1a4
                    0x01a4                  _OC7RS = 0x1a4
                    0x01a6                  OC7R = 0x1a6
                    0x01a6                  _OC7R = 0x1a6
                    0x01a8                  OC7CON = 0x1a8
                    0x01a8                  _OC7CON = 0x1a8
                    0x01aa                  OC8RS = 0x1aa
                    0x01aa                  _OC8RS = 0x1aa
                    0x01ac                  OC8R = 0x1ac
                    0x01ac                  _OC8R = 0x1ac
                    0x01ae                  OC8CON = 0x1ae
                    0x01ae                  _OC8CON = 0x1ae
                    0x0200                  I2CRCV = 0x200
                    0x0200                  _I2CRCV = 0x200
                    0x0202                  I2CTRN = 0x202
                    0x0202                  _I2CTRN = 0x202
                    0x0204                  I2CBRG = 0x204
                    0x0204                  _I2CBRG = 0x204
                    0x0206                  I2CCON = 0x206
                    0x0206                  _I2CCON = 0x206
                    0x0208                  I2CSTAT = 0x208
                    0x0208                  _I2CSTAT = 0x208
                    0x020a                  I2CADD = 0x20a
                    0x020a                  _I2CADD = 0x20a
                    0x020c                  U1MODE = 0x20c
                    0x020c                  _U1MODE = 0x20c
                    0x020e                  U1STA = 0x20e
                    0x020e                  _U1STA = 0x20e
                    0x0210                  U1TXREG = 0x210
                    0x0210                  _U1TXREG = 0x210
                    0x0212                  U1RXREG = 0x212
                    0x0212                  _U1RXREG = 0x212
                    0x0214                  U1BRG = 0x214
                    0x0214                  _U1BRG = 0x214
                    0x0216                  U2MODE = 0x216
                    0x0216                  _U2MODE = 0x216
                    0x0218                  U2STA = 0x218
                    0x0218                  _U2STA = 0x218
                    0x021a                  U2TXREG = 0x21a
                    0x021a                  _U2TXREG = 0x21a
                    0x021c                  U2RXREG = 0x21c
                    0x021c                  _U2RXREG = 0x21c
                    0x021e                  U2BRG = 0x21e
                    0x021e                  _U2BRG = 0x21e
                    0x0220                  SPI1STAT = 0x220
                    0x0220                  _SPI1STAT = 0x220
                    0x0222                  SPI1CON = 0x222
                    0x0222                  _SPI1CON = 0x222
                    0x0224                  SPI1BUF = 0x224
                    0x0224                  _SPI1BUF = 0x224
                    0x0226                  SPI2STAT = 0x226
                    0x0226                  _SPI2STAT = 0x226
                    0x0228                  SPI2CON = 0x228
                    0x0228                  _SPI2CON = 0x228
                    0x022a                  SPI2BUF = 0x22a
                    0x022a                  _SPI2BUF = 0x22a
                    0x0240                  DCICON1 = 0x240
                    0x0240                  _DCICON1 = 0x240
                    0x0242                  DCICON2 = 0x242
                    0x0242                  _DCICON2 = 0x242
                    0x0244                  DCICON3 = 0x244
                    0x0244                  _DCICON3 = 0x244
                    0x0246                  DCISTAT = 0x246
                    0x0246                  _DCISTAT = 0x246
                    0x0248                  TSCON = 0x248
                    0x0248                  _TSCON = 0x248
                    0x024c                  RSCON = 0x24c
                    0x024c                  _RSCON = 0x24c
                    0x0250                  RXBUF0 = 0x250
                    0x0250                  _RXBUF0 = 0x250
                    0x0252                  RXBUF1 = 0x252
                    0x0252                  _RXBUF1 = 0x252
                    0x0254                  RXBUF2 = 0x254
                    0x0254                  _RXBUF2 = 0x254
                    0x0256                  RXBUF3 = 0x256
                    0x0256                  _RXBUF3 = 0x256
                    0x0258                  TXBUF0 = 0x258
                    0x0258                  _TXBUF0 = 0x258
                    0x025a                  TXBUF1 = 0x25a
                    0x025a                  _TXBUF1 = 0x25a
                    0x025c                  TXBUF2 = 0x25c
                    0x025c                  _TXBUF2 = 0x25c
                    0x025e                  TXBUF3 = 0x25e
                    0x025e                  _TXBUF3 = 0x25e
                    0x0280                  ADCBUF0 = 0x280
                    0x0280                  _ADCBUF0 = 0x280
                    0x0282                  ADCBUF1 = 0x282
                    0x0282                  _ADCBUF1 = 0x282
                    0x0284                  ADCBUF2 = 0x284
                    0x0284                  _ADCBUF2 = 0x284
                    0x0286                  ADCBUF3 = 0x286
                    0x0286                  _ADCBUF3 = 0x286
                    0x0288                  ADCBUF4 = 0x288
                    0x0288                  _ADCBUF4 = 0x288
                    0x028a                  ADCBUF5 = 0x28a
                    0x028a                  _ADCBUF5 = 0x28a
                    0x028c                  ADCBUF6 = 0x28c
                    0x028c                  _ADCBUF6 = 0x28c
                    0x028e                  ADCBUF7 = 0x28e
                    0x028e                  _ADCBUF7 = 0x28e
                    0x0290                  ADCBUF8 = 0x290
                    0x0290                  _ADCBUF8 = 0x290
                    0x0292                  ADCBUF9 = 0x292
                    0x0292                  _ADCBUF9 = 0x292
                    0x0294                  ADCBUFA = 0x294
                    0x0294                  _ADCBUFA = 0x294
                    0x0296                  ADCBUFB = 0x296
                    0x0296                  _ADCBUFB = 0x296
                    0x0298                  ADCBUFC = 0x298
                    0x0298                  _ADCBUFC = 0x298
                    0x029a                  ADCBUFD = 0x29a
                    0x029a                  _ADCBUFD = 0x29a
                    0x029c                  ADCBUFE = 0x29c
                    0x029c                  _ADCBUFE = 0x29c
                    0x029e                  ADCBUFF = 0x29e
                    0x029e                  _ADCBUFF = 0x29e
                    0x02a0                  ADCON1 = 0x2a0
                    0x02a0                  _ADCON1 = 0x2a0
                    0x02a2                  ADCON2 = 0x2a2
                    0x02a2                  _ADCON2 = 0x2a2
                    0x02a4                  ADCON3 = 0x2a4
                    0x02a4                  _ADCON3 = 0x2a4
                    0x02a6                  ADCHS = 0x2a6
                    0x02a6                  _ADCHS = 0x2a6
                    0x02a8                  ADPCFG = 0x2a8
                    0x02a8                  _ADPCFG = 0x2a8
                    0x02aa                  ADCSSL = 0x2aa
                    0x02aa                  _ADCSSL = 0x2aa
                    0x02c0                  TRISA = 0x2c0
                    0x02c0                  _TRISA = 0x2c0
                    0x02c2                  PORTA = 0x2c2
                    0x02c2                  _PORTA = 0x2c2
                    0x02c4                  LATA = 0x2c4
                    0x02c4                  _LATA = 0x2c4
                    0x02c6                  TRISB = 0x2c6
                    0x02c6                  _TRISB = 0x2c6
                    0x02c8                  PORTB = 0x2c8
                    0x02c8                  _PORTB = 0x2c8
                    0x02ca                  LATB = 0x2ca
                    0x02ca                  _LATB = 0x2ca
                    0x02cc                  TRISC = 0x2cc
                    0x02cc                  _TRISC = 0x2cc
                    0x02ce                  PORTC = 0x2ce
                    0x02ce                  _PORTC = 0x2ce
                    0x02d0                  LATC = 0x2d0
                    0x02d0                  _LATC = 0x2d0
                    0x02d2                  TRISD = 0x2d2
                    0x02d2                  _TRISD = 0x2d2
                    0x02d4                  PORTD = 0x2d4
                    0x02d4                  _PORTD = 0x2d4
                    0x02d6                  LATD = 0x2d6
                    0x02d6                  _LATD = 0x2d6
                    0x02de                  TRISF = 0x2de
                    0x02de                  _TRISF = 0x2de
                    0x02e0                  PORTF = 0x2e0
                    0x02e0                  _PORTF = 0x2e0
                    0x02e2                  LATF = 0x2e2
                    0x02e2                  _LATF = 0x2e2
                    0x02e4                  TRISG = 0x2e4
                    0x02e4                  _TRISG = 0x2e4
                    0x02e6                  PORTG = 0x2e6
                    0x02e6                  _PORTG = 0x2e6
                    0x02e8                  LATG = 0x2e8
                    0x02e8                  _LATG = 0x2e8
                    0x0300                  C1RXF0SID = 0x300
                    0x0300                  _C1RXF0SID = 0x300
                    0x0302                  C1RXF0EIDH = 0x302
                    0x0302                  _C1RXF0EIDH = 0x302
                    0x0304                  C1RXF0EIDL = 0x304
                    0x0304                  _C1RXF0EIDL = 0x304
                    0x0308                  C1RXF1SID = 0x308
                    0x0308                  _C1RXF1SID = 0x308
                    0x030a                  C1RXF1EIDH = 0x30a
                    0x030a                  _C1RXF1EIDH = 0x30a
                    0x030c                  C1RXF1EIDL = 0x30c
                    0x030c                  _C1RXF1EIDL = 0x30c
                    0x0310                  C1RXF2SID = 0x310
                    0x0310                  _C1RXF2SID = 0x310
                    0x0312                  C1RXF2EIDH = 0x312
                    0x0312                  _C1RXF2EIDH = 0x312
                    0x0314                  C1RXF2EIDL = 0x314
                    0x0314                  _C1RXF2EIDL = 0x314
                    0x0318                  C1RXF3SID = 0x318
                    0x0318                  _C1RXF3SID = 0x318
                    0x031a                  C1RXF3EIDH = 0x31a
                    0x031a                  _C1RXF3EIDH = 0x31a
                    0x031c                  C1RXF3EIDL = 0x31c
                    0x031c                  _C1RXF3EIDL = 0x31c
                    0x0320                  C1RXF4SID = 0x320
                    0x0320                  _C1RXF4SID = 0x320
                    0x0322                  C1RXF4EIDH = 0x322
                    0x0322                  _C1RXF4EIDH = 0x322
                    0x0324                  C1RXF4EIDL = 0x324
                    0x0324                  _C1RXF4EIDL = 0x324
                    0x0328                  C1RXF5SID = 0x328
                    0x0328                  _C1RXF5SID = 0x328
                    0x032a                  C1RXF5EIDH = 0x32a
                    0x032a                  _C1RXF5EIDH = 0x32a
                    0x032c                  C1RXF5EIDL = 0x32c
                    0x032c                  _C1RXF5EIDL = 0x32c
                    0x0330                  C1RXM0SID = 0x330
                    0x0330                  _C1RXM0SID = 0x330
                    0x0332                  C1RXM0EIDH = 0x332
                    0x0332                  _C1RXM0EIDH = 0x332
                    0x0334                  C1RXM0EIDL = 0x334
                    0x0334                  _C1RXM0EIDL = 0x334
                    0x0338                  C1RXM1SID = 0x338
                    0x0338                  _C1RXM1SID = 0x338
                    0x033a                  C1RXM1EIDH = 0x33a
                    0x033a                  _C1RXM1EIDH = 0x33a
                    0x033c                  C1RXM1EIDL = 0x33c
                    0x033c                  _C1RXM1EIDL = 0x33c
                    0x0340                  C1TX2SID = 0x340
                    0x0340                  _C1TX2SID = 0x340
                    0x0342                  C1TX2EID = 0x342
                    0x0342                  _C1TX2EID = 0x342
                    0x0344                  C1TX2DLC = 0x344
                    0x0344                  _C1TX2DLC = 0x344
                    0x0346                  C1TX2B1 = 0x346
                    0x0346                  _C1TX2B1 = 0x346
                    0x0348                  C1TX2B2 = 0x348
                    0x0348                  _C1TX2B2 = 0x348
                    0x034a                  C1TX2B3 = 0x34a
                    0x034a                  _C1TX2B3 = 0x34a
                    0x034c                  C1TX2B4 = 0x34c
                    0x034c                  _C1TX2B4 = 0x34c
                    0x034e                  C1TX2CON = 0x34e
                    0x034e                  _C1TX2CON = 0x34e
                    0x0350                  C1TX1SID = 0x350
                    0x0350                  _C1TX1SID = 0x350
                    0x0352                  C1TX1EID = 0x352
                    0x0352                  _C1TX1EID = 0x352
                    0x0354                  C1TX1DLC = 0x354
                    0x0354                  _C1TX1DLC = 0x354
                    0x0356                  C1TX1B1 = 0x356
                    0x0356                  _C1TX1B1 = 0x356
                    0x0358                  C1TX1B2 = 0x358
                    0x0358                  _C1TX1B2 = 0x358
                    0x035a                  C1TX1B3 = 0x35a
                    0x035a                  _C1TX1B3 = 0x35a
                    0x035c                  C1TX1B4 = 0x35c
                    0x035c                  _C1TX1B4 = 0x35c
                    0x035e                  C1TX1CON = 0x35e
                    0x035e                  _C1TX1CON = 0x35e
                    0x0360                  C1TX0SID = 0x360
                    0x0360                  _C1TX0SID = 0x360
                    0x0362                  C1TX0EID = 0x362
                    0x0362                  _C1TX0EID = 0x362
                    0x0364                  C1TX0DLC = 0x364
                    0x0364                  _C1TX0DLC = 0x364
                    0x0366                  C1TX0B1 = 0x366
                    0x0366                  _C1TX0B1 = 0x366
                    0x0368                  C1TX0B2 = 0x368
                    0x0368                  _C1TX0B2 = 0x368
                    0x036a                  C1TX0B3 = 0x36a
                    0x036a                  _C1TX0B3 = 0x36a
                    0x036c                  C1TX0B4 = 0x36c
                    0x036c                  _C1TX0B4 = 0x36c
                    0x036e                  C1TX0CON = 0x36e
                    0x036e                  _C1TX0CON = 0x36e
                    0x0370                  C1RX1SID = 0x370
                    0x0370                  _C1RX1SID = 0x370
                    0x0372                  C1RX1EID = 0x372
                    0x0372                  _C1RX1EID = 0x372
                    0x0374                  C1RX1DLC = 0x374
                    0x0374                  _C1RX1DLC = 0x374
                    0x0376                  C1RX1B1 = 0x376
                    0x0376                  _C1RX1B1 = 0x376
                    0x0378                  C1RX1B2 = 0x378
                    0x0378                  _C1RX1B2 = 0x378
                    0x037a                  C1RX1B3 = 0x37a
                    0x037a                  _C1RX1B3 = 0x37a
                    0x037c                  C1RX1B4 = 0x37c
                    0x037c                  _C1RX1B4 = 0x37c
                    0x037e                  C1RX1CON = 0x37e
                    0x037e                  _C1RX1CON = 0x37e
                    0x0380                  C1RX0SID = 0x380
                    0x0380                  _C1RX0SID = 0x380
                    0x0382                  C1RX0EID = 0x382
                    0x0382                  _C1RX0EID = 0x382
                    0x0384                  C1RX0DLC = 0x384
                    0x0384                  _C1RX0DLC = 0x384
                    0x0386                  C1RX0B1 = 0x386
                    0x0386                  _C1RX0B1 = 0x386
                    0x0388                  C1RX0B2 = 0x388
                    0x0388                  _C1RX0B2 = 0x388
                    0x038a                  C1RX0B3 = 0x38a
                    0x038a                  _C1RX0B3 = 0x38a
                    0x038c                  C1RX0B4 = 0x38c
                    0x038c                  _C1RX0B4 = 0x38c
                    0x038e                  C1RX0CON = 0x38e
                    0x038e                  _C1RX0CON = 0x38e
                    0x0390                  C1CTRL = 0x390
                    0x0390                  _C1CTRL = 0x390
                    0x0392                  C1CFG1 = 0x392
                    0x0392                  _C1CFG1 = 0x392
                    0x0394                  C1CFG2 = 0x394
                    0x0394                  _C1CFG2 = 0x394
                    0x0396                  C1INTF = 0x396
                    0x0396                  _C1INTF = 0x396
                    0x0398                  C1INTE = 0x398
                    0x0398                  _C1INTE = 0x398
                    0x039a                  C1EC = 0x39a
                    0x039a                  _C1EC = 0x39a
                    0x039a                  C1RERRCNT = 0x39a
                    0x039a                  _C1RERRCNT = 0x39a
                    0x039b                  C1TERRCNT = 0x39b
                    0x039b                  _C1TERRCNT = 0x39b
                    0x03c0                  C2RXF0SID = 0x3c0
                    0x03c0                  _C2RXF0SID = 0x3c0
                    0x03c2                  C2RXF0EIDH = 0x3c2
                    0x03c2                  _C2RXF0EIDH = 0x3c2
                    0x03c4                  C2RXF0EIDL = 0x3c4
                    0x03c4                  _C2RXF0EIDL = 0x3c4
                    0x03c8                  C2RXF1SID = 0x3c8
                    0x03c8                  _C2RXF1SID = 0x3c8
                    0x03ca                  C2RXF1EIDH = 0x3ca
                    0x03ca                  _C2RXF1EIDH = 0x3ca
                    0x03cc                  C2RXF1EIDL = 0x3cc
                    0x03cc                  _C2RXF1EIDL = 0x3cc
                    0x03d0                  C2RXF2SID = 0x3d0
                    0x03d0                  _C2RXF2SID = 0x3d0
                    0x03d2                  C2RXF2EIDH = 0x3d2
                    0x03d2                  _C2RXF2EIDH = 0x3d2
                    0x03d4                  C2RXF2EIDL = 0x3d4
                    0x03d4                  _C2RXF2EIDL = 0x3d4
                    0x03d8                  C2RXF3SID = 0x3d8
                    0x03d8                  _C2RXF3SID = 0x3d8
                    0x03da                  C2RXF3EIDH = 0x3da
                    0x03da                  _C2RXF3EIDH = 0x3da
                    0x03dc                  C2RXF3EIDL = 0x3dc
                    0x03dc                  _C2RXF3EIDL = 0x3dc
                    0x03e0                  C2RXF4SID = 0x3e0