Archive member included because of file (symbol)

q:/microchip/vfs/sft_mnt/program files (x86)/microchip/mplab c30/bin/../lib\libpic30-coff.a(crt1.o)
                              (_resetALT)
q:/microchip/vfs/sft_mnt/program files (x86)/microchip/mplab c30/bin/../lib\libpic30-coff.a(crt0.o)
                              (_resetPRI)
q:/microchip/vfs/sft_mnt/program files (x86)/microchip/mplab c30/bin/../lib\libm-coff.a(divsi3.o)
                              e_acc.o (__divsi3)
q:/microchip/vfs/sft_mnt/program files (x86)/microchip/mplab c30/bin/../lib\libm-coff.a(floatsisf.o)
                              e_acc.o (__floatsisf)
q:/microchip/vfs/sft_mnt/program files (x86)/microchip/mplab c30/bin/../lib\libm-coff.a(sqrtf.o)
                              e_acc.o (sqrtf)
q:/microchip/vfs/sft_mnt/program files (x86)/microchip/mplab c30/bin/../lib\libm-coff.a(atan2f.o)
                              e_acc.o (atan2f)
q:/microchip/vfs/sft_mnt/program files (x86)/microchip/mplab c30/bin/../lib\libm-coff.a(mulsf3.o)
                              e_acc.o (__mulsf3)
q:/microchip/vfs/sft_mnt/program files (x86)/microchip/mplab c30/bin/../lib\libm-coff.a(addsf3.o)
                              e_acc.o (__subsf3)
q:/microchip/vfs/sft_mnt/program files (x86)/microchip/mplab c30/bin/../lib\libm-coff.a(feqltle.o)
                              e_acc.o (__ltsf2)
q:/microchip/vfs/sft_mnt/program files (x86)/microchip/mplab c30/bin/../lib\libm-coff.a(fixsfsi.o)
                              e_acc.o (__fixsfsi)
q:/microchip/vfs/sft_mnt/program files (x86)/microchip/mplab c30/bin/../lib\libm-coff.a(fgtge.o)
                              e_acc.o (__gtsf2)
q:/microchip/vfs/sft_mnt/program files (x86)/microchip/mplab c30/bin/../lib\libm-coff.a(fne.o)
                              e_acc.o (__nesf2)
q:/microchip/vfs/sft_mnt/program files (x86)/microchip/mplab c30/bin/../lib\libm-coff.a(divsf3.o)
                              e_prox.o (__divsf3)
q:/microchip/vfs/sft_mnt/program files (x86)/microchip/mplab c30/bin/../lib\libm-coff.a(udivsi3.o)
                              q:/microchip/vfs/sft_mnt/program files (x86)/microchip/mplab c30/bin/../lib\libm-coff.a(divsi3.o) (__udivsi3)
q:/microchip/vfs/sft_mnt/program files (x86)/microchip/mplab c30/bin/../lib\libm-coff.a(fpack.o)
                              q:/microchip/vfs/sft_mnt/program files (x86)/microchip/mplab c30/bin/../lib\libm-coff.a(floatsisf.o) (_fpack)
q:/microchip/vfs/sft_mnt/program files (x86)/microchip/mplab c30/bin/../lib\libm-coff.a(funpack.o)
                              q:/microchip/vfs/sft_mnt/program files (x86)/microchip/mplab c30/bin/../lib\libm-coff.a(sqrtf.o) (_funpack)
q:/microchip/vfs/sft_mnt/program files (x86)/microchip/mplab c30/bin/../lib\libm-coff.a(futil.o)
                              q:/microchip/vfs/sft_mnt/program files (x86)/microchip/mplab c30/bin/../lib\libm-coff.a(atan2f.o) (_fPropagateNaN)
q:/microchip/vfs/sft_mnt/program files (x86)/microchip/mplab c30/bin/../lib\libm-coff.a(errno.o)
                              q:/microchip/vfs/sft_mnt/program files (x86)/microchip/mplab c30/bin/../lib\libm-coff.a(sqrtf.o) (errno)
q:/microchip/vfs/sft_mnt/program files (x86)/microchip/mplab c30/bin/../lib\libm-coff.a(funpack2.o)
                              q:/microchip/vfs/sft_mnt/program files (x86)/microchip/mplab c30/bin/../lib\libm-coff.a(atan2f.o) (_funpack2)
q:/microchip/vfs/sft_mnt/program files (x86)/microchip/mplab c30/bin/../lib\libm-coff.a(atanf.o)
                              q:/microchip/vfs/sft_mnt/program files (x86)/microchip/mplab c30/bin/../lib\libm-coff.a(atan2f.o) (atanf)
q:/microchip/vfs/sft_mnt/program files (x86)/microchip/mplab c30/bin/../lib\libm-coff.a(fcompare.o)
                              q:/microchip/vfs/sft_mnt/program files (x86)/microchip/mplab c30/bin/../lib\libm-coff.a(feqltle.o) (_fcompare)
q:/microchip/vfs/sft_mnt/program files (x86)/microchip/mplab c30/bin/../lib\libc-coff.a(malloc.o)
                              e_agenda.o (malloc)
q:/microchip/vfs/sft_mnt/program files (x86)/microchip/mplab c30/bin/../lib\libc-coff.a(exit.o)
                              e_agenda.o (exit)
q:/microchip/vfs/sft_mnt/program files (x86)/microchip/mplab c30/bin/../lib\libc-coff.a(free.o)
                              e_agenda.o (free)
q:/microchip/vfs/sft_mnt/program files (x86)/microchip/mplab c30/bin/../lib\libc-coff.a(xgetmem.o)
                              q:/microchip/vfs/sft_mnt/program files (x86)/microchip/mplab c30/bin/../lib\libc-coff.a(malloc.o) (_Getmem)
q:/microchip/vfs/sft_mnt/program files (x86)/microchip/mplab c30/bin/../lib\libpic30-coff.a(_exit.o)
                              q:/microchip/vfs/sft_mnt/program files (x86)/microchip/mplab c30/bin/../lib\libc-coff.a(exit.o) (_exit)
q:/microchip/vfs/sft_mnt/program files (x86)/microchip/mplab c30/bin/../lib\libpic30-coff.a(sbrk.o)
                              q:/microchip/vfs/sft_mnt/program files (x86)/microchip/mplab c30/bin/../lib\libc-coff.a(xgetmem.o) (sbrk)
q:/microchip/vfs/sft_mnt/program files (x86)/microchip/mplab c30/bin/../lib\libpic30-coff.a(brk.o)
                              q:/microchip/vfs/sft_mnt/program files (x86)/microchip/mplab c30/bin/../lib\libpic30-coff.a(sbrk.o) (brk)
